ARM Linker, 5.03 [Build 76] [MDK-ARM Lite]

==============================================================================

Section Cross References

    startup.o(STACK) refers (Special) to heapauxi.o(.text) for __use_two_region_memory
    startup.o(HEAP) refers (Special) to heapauxi.o(.text) for __use_two_region_memory
    startup.o(RESET) refers (Special) to heapauxi.o(.text) for __use_two_region_memory
    startup.o(RESET) refers to startup.o(STACK) for StackMem
    startup.o(RESET) refers to systick.o(i.SysTick_Handler) for SysTick_Handler
    startup.o(RESET) refers to switch.o(i.GPIOPortE_Handler) for GPIOPortE_Handler
    startup.o(RESET) refers to timer0a.o(i.Timer0A_Handler) for Timer0A_Handler
    startup.o(RESET) refers to timer1a.o(i.Timer1A_Handler) for Timer1A_Handler
    startup.o(RESET) refers to switch.o(i.GPIOPortF_Handler) for GPIOPortF_Handler
    startup.o(RESET) refers to __main.o(!!!main) for __main
    startup.o(.text) refers (Special) to heapauxi.o(.text) for __use_two_region_memory
    startup.o(.text) refers to startup.o(HEAP) for HeapMem
    startup.o(.text) refers to startup.o(STACK) for StackMem
    dac.o(i.delay) refers to dac.o(.data) for h
    lab5.o(i.main) refers to lab5.o(i.HeartBeat_Init) for HeartBeat_Init
    lab5.o(i.main) refers to switch.o(i.PolledButtons_Init) for PolledButtons_Init
    lab5.o(i.main) refers to dac.o(i.DAC_Init) for DAC_Init
    lab5.o(i.main) refers to switch.o(i.Board_Init) for Board_Init
    lab5.o(i.main) refers to switch.o(i.Switch_Init2) for Switch_Init2
    lab5.o(i.main) refers to st7735.o(i.ST7735_InitR) for ST7735_InitR
    lab5.o(i.main) refers to lab5.o(i.plotImage) for plotImage
    lab5.o(i.main) refers to switch.o(i.resetSwitches) for resetSwitches
    lab5.o(i.main) refers to music.o(i.Music_Play) for Music_Play
    lab5.o(i.main) refers to timer0a.o(.data) for lenPush
    lab5.o(i.main) refers to switch.o(.data) for mode
    lab5.o(i.main) refers to music.o(.constdata) for Wave
    lab5.o(i.main) refers to music.o(.data) for strobePtr
    lab5.o(i.plotImage) refers to st7735.o(i.ST7735_OutString) for ST7735_OutString
    lab5.o(i.plotImage) refers to rand.o(.emb_text) for rand
    lab5.o(i.plotImage) refers to st7735.o(i.ST7735_PlotClear) for ST7735_PlotClear
    lab5.o(i.plotImage) refers to st7735.o(i.ST7735_DrawFastVLine) for ST7735_DrawFastVLine
    lab5.o(i.plotImage) refers to lab5.o(.data) for flagg
    music.o(i.Music_Play) refers to switch.o(i.resetSwitches) for resetSwitches
    music.o(i.Music_Play) refers to timer0a.o(i.Timer0A_Init) for Timer0A_Init
    music.o(i.Music_Play) refers to timer1a.o(i.Timer1A_Init) for Timer1A_Init
    music.o(i.Music_Play) refers to systick.o(i.SysTick_Init) for SysTick_Init
    music.o(i.Music_Play) refers to dac.o(i.DAC_Out) for DAC_Out
    music.o(i.Music_Play) refers to switch.o(.data) for play
    music.o(i.Music_Play) refers to music.o(.data) for demoPtr
    music.o(i.Music_Play) refers to timer0a.o(.data) for lenPush
    music.o(i.Music_Play) refers to systick.o(.data) for notePush
    st7735.o(i.Output_Clear) refers to st7735.o(i.ST7735_FillScreen) for ST7735_FillScreen
    st7735.o(i.Output_Color) refers to st7735.o(i.ST7735_SetTextColor) for ST7735_SetTextColor
    st7735.o(i.Output_Init) refers to st7735.o(i.ST7735_InitR) for ST7735_InitR
    st7735.o(i.Output_Init) refers to st7735.o(i.ST7735_FillScreen) for ST7735_FillScreen
    st7735.o(i.Output_Off) refers to st7735.o(i.Output_Clear) for Output_Clear
    st7735.o(i.Output_On) refers to st7735.o(i.Output_Init) for Output_Init
    st7735.o(i.ST7735_DrawBitmap) refers to st7735.o(i.setAddrWindow) for setAddrWindow
    st7735.o(i.ST7735_DrawBitmap) refers to st7735.o(i.writedata) for writedata
    st7735.o(i.ST7735_DrawBitmap) refers to st7735.o(.data) for _width
    st7735.o(i.ST7735_DrawChar) refers to st7735.o(i.setAddrWindow) for setAddrWindow
    st7735.o(i.ST7735_DrawChar) refers to st7735.o(i.pushColor) for pushColor
    st7735.o(i.ST7735_DrawChar) refers to st7735.o(.data) for _width
    st7735.o(i.ST7735_DrawChar) refers to st7735.o(.constdata) for Font
    st7735.o(i.ST7735_DrawCharS) refers to st7735.o(i.ST7735_DrawPixel) for ST7735_DrawPixel
    st7735.o(i.ST7735_DrawCharS) refers to st7735.o(i.ST7735_FillRect) for ST7735_FillRect
    st7735.o(i.ST7735_DrawCharS) refers to st7735.o(.data) for _width
    st7735.o(i.ST7735_DrawCharS) refers to st7735.o(.constdata) for Font
    st7735.o(i.ST7735_DrawFastHLine) refers to st7735.o(i.setAddrWindow) for setAddrWindow
    st7735.o(i.ST7735_DrawFastHLine) refers to st7735.o(i.writedata) for writedata
    st7735.o(i.ST7735_DrawFastHLine) refers to st7735.o(.data) for _width
    st7735.o(i.ST7735_DrawFastVLine) refers to st7735.o(i.setAddrWindow) for setAddrWindow
    st7735.o(i.ST7735_DrawFastVLine) refers to st7735.o(i.writedata) for writedata
    st7735.o(i.ST7735_DrawFastVLine) refers to st7735.o(.data) for _width
    st7735.o(i.ST7735_DrawPixel) refers to st7735.o(i.setAddrWindow) for setAddrWindow
    st7735.o(i.ST7735_DrawPixel) refers to st7735.o(i.pushColor) for pushColor
    st7735.o(i.ST7735_DrawPixel) refers to st7735.o(.data) for _width
    st7735.o(i.ST7735_DrawString) refers to st7735.o(i.ST7735_DrawCharS) for ST7735_DrawCharS
    st7735.o(i.ST7735_FillRect) refers to st7735.o(i.setAddrWindow) for setAddrWindow
    st7735.o(i.ST7735_FillRect) refers to st7735.o(i.writedata) for writedata
    st7735.o(i.ST7735_FillRect) refers to st7735.o(.data) for _width
    st7735.o(i.ST7735_FillScreen) refers to st7735.o(i.ST7735_FillRect) for ST7735_FillRect
    st7735.o(i.ST7735_FillScreen) refers to st7735.o(.data) for _height
    st7735.o(i.ST7735_InitB) refers to st7735.o(i.commonInit) for commonInit
    st7735.o(i.ST7735_InitB) refers to st7735.o(i.ST7735_SetCursor) for ST7735_SetCursor
    st7735.o(i.ST7735_InitB) refers to st7735.o(i.ST7735_FillScreen) for ST7735_FillScreen
    st7735.o(i.ST7735_InitB) refers to st7735.o(.constdata) for Bcmd
    st7735.o(i.ST7735_InitB) refers to st7735.o(.data) for StTextColor
    st7735.o(i.ST7735_InitR) refers to st7735.o(i.commonInit) for commonInit
    st7735.o(i.ST7735_InitR) refers to st7735.o(i.commandList) for commandList
    st7735.o(i.ST7735_InitR) refers to st7735.o(i.writecommand) for writecommand
    st7735.o(i.ST7735_InitR) refers to st7735.o(i.writedata) for writedata
    st7735.o(i.ST7735_InitR) refers to st7735.o(i.ST7735_SetCursor) for ST7735_SetCursor
    st7735.o(i.ST7735_InitR) refers to st7735.o(i.ST7735_FillScreen) for ST7735_FillScreen
    st7735.o(i.ST7735_InitR) refers to st7735.o(.constdata) for Rcmd1
    st7735.o(i.ST7735_InitR) refers to st7735.o(.data) for ColStart
    st7735.o(i.ST7735_InvertDisplay) refers to st7735.o(i.writecommand) for writecommand
    st7735.o(i.ST7735_Line) refers to st7735.o(i.ST7735_DrawPixel) for ST7735_DrawPixel
    st7735.o(i.ST7735_OutChar) refers to st7735.o(i.ST7735_DrawString) for ST7735_DrawString
    st7735.o(i.ST7735_OutChar) refers to st7735.o(i.ST7735_DrawCharS) for ST7735_DrawCharS
    st7735.o(i.ST7735_OutChar) refers to st7735.o(.data) for StY
    st7735.o(i.ST7735_OutString) refers to st7735.o(i.ST7735_OutChar) for ST7735_OutChar
    st7735.o(i.ST7735_OutUDec) refers to st7735.o(i.fillmessage) for fillmessage
    st7735.o(i.ST7735_OutUDec) refers to st7735.o(i.ST7735_DrawString) for ST7735_DrawString
    st7735.o(i.ST7735_OutUDec) refers to st7735.o(i.ST7735_DrawCharS) for ST7735_DrawCharS
    st7735.o(i.ST7735_OutUDec) refers to st7735.o(.data) for Messageindex
    st7735.o(i.ST7735_OutUDec) refers to st7735.o(.bss) for Message
    st7735.o(i.ST7735_PlotBar) refers to st7735.o(i.ST7735_DrawFastVLine) for ST7735_DrawFastVLine
    st7735.o(i.ST7735_PlotBar) refers to st7735.o(.data) for Ymin
    st7735.o(i.ST7735_PlotClear) refers to st7735.o(i.ST7735_Color565) for ST7735_Color565
    st7735.o(i.ST7735_PlotClear) refers to st7735.o(i.ST7735_FillRect) for ST7735_FillRect
    st7735.o(i.ST7735_PlotClear) refers to st7735.o(.data) for Ymax
    st7735.o(i.ST7735_PlotLine) refers to st7735.o(i.ST7735_DrawPixel) for ST7735_DrawPixel
    st7735.o(i.ST7735_PlotLine) refers to st7735.o(.data) for Ymin
    st7735.o(i.ST7735_PlotNext) refers to st7735.o(.data) for X
    st7735.o(i.ST7735_PlotNextErase) refers to st7735.o(i.ST7735_Color565) for ST7735_Color565
    st7735.o(i.ST7735_PlotNextErase) refers to st7735.o(i.ST7735_DrawFastVLine) for ST7735_DrawFastVLine
    st7735.o(i.ST7735_PlotNextErase) refers to st7735.o(.data) for X
    st7735.o(i.ST7735_PlotPoint) refers to st7735.o(i.ST7735_DrawPixel) for ST7735_DrawPixel
    st7735.o(i.ST7735_PlotPoint) refers to st7735.o(.data) for Ymin
    st7735.o(i.ST7735_PlotPoints) refers to st7735.o(i.ST7735_DrawPixel) for ST7735_DrawPixel
    st7735.o(i.ST7735_PlotPoints) refers to st7735.o(.data) for Ymin
    st7735.o(i.ST7735_PlotdBfs) refers to st7735.o(i.ST7735_DrawFastVLine) for ST7735_DrawFastVLine
    st7735.o(i.ST7735_PlotdBfs) refers to st7735.o(.constdata) for dBfs
    st7735.o(i.ST7735_PlotdBfs) refers to st7735.o(.data) for X
    st7735.o(i.ST7735_SetCursor) refers to st7735.o(.data) for StX
    st7735.o(i.ST7735_SetRotation) refers to st7735.o(i.writecommand) for writecommand
    st7735.o(i.ST7735_SetRotation) refers to st7735.o(i.writedata) for writedata
    st7735.o(i.ST7735_SetRotation) refers to st7735.o(.data) for Rotation
    st7735.o(i.ST7735_SetTextColor) refers to st7735.o(.data) for StTextColor
    st7735.o(i.commandList) refers to st7735.o(i.writecommand) for writecommand
    st7735.o(i.commandList) refers to st7735.o(i.writedata) for writedata
    st7735.o(i.commandList) refers to st7735.o(i.Delay1ms) for Delay1ms
    st7735.o(i.commonInit) refers to st7735.o(i.Delay1ms) for Delay1ms
    st7735.o(i.commonInit) refers to st7735.o(i.commandList) for commandList
    st7735.o(i.commonInit) refers to st7735.o(.data) for RowStart
    st7735.o(i.fillmessage) refers to st7735.o(.bss) for Message
    st7735.o(i.fillmessage) refers to st7735.o(.data) for Messageindex
    st7735.o(i.fputc) refers to st7735.o(i.ST7735_OutChar) for ST7735_OutChar
    st7735.o(i.pushColor) refers to st7735.o(i.writedata) for writedata
    st7735.o(i.setAddrWindow) refers to st7735.o(i.writecommand) for writecommand
    st7735.o(i.setAddrWindow) refers to st7735.o(i.writedata) for writedata
    st7735.o(i.setAddrWindow) refers to st7735.o(.data) for ColStart
    switch.o(i.GPIOPortE_Handler) refers to switch.o(.data) for rewind
    switch.o(i.GPIOPortF_Handler) refers to switch.o(.data) for play
    switch.o(i.PolledButtons_Init) refers to startup.o(.text) for DisableInterrupts
    switch.o(i.resetSwitches) refers to switch.o(.data) for play
    timer0a.o(i.Timer0A_Handler) refers to timer0a.o(.data) for count
    timer0a.o(i.Timer0A_Init) refers to startup.o(.text) for StartCritical
    timer0a.o(i.Timer0A_Init) refers to timer0a.o(.data) for lenPush
    systick.o(i.SysTick_Handler) refers to systick.o(.data) for notePush
    systick.o(i.SysTick_Init) refers to systick.o(.data) for notePush
    timer1a.o(i.Timer1A_Handler) refers to timer1a.o(.data) for count1
    timer1a.o(i.Timer1A_Init) refers to startup.o(.text) for StartCritical
    timer1a.o(i.Timer1A_Init) refers to timer1a.o(.data) for lenPush1
    rand.o(.emb_text) refers (Special) to libinit2.o(.ARM.Collect$$libinit$$0000000B) for __rt_lib_init_rand_2
    rand.o(.emb_text) refers to rand.o(.text) for _rand_init
    rand.o(.emb_text) refers to rand.o(.bss) for _random_number_data
    rand.o(.text) refers (Special) to libinit2.o(.ARM.Collect$$libinit$$0000000B) for __rt_lib_init_rand_2
    rand.o(.text) refers to rand.o(.bss) for .bss
    rand.o(.bss) refers (Special) to libinit2.o(.ARM.Collect$$libinit$$0000000B) for __rt_lib_init_rand_2
    __main.o(!!!main) refers to rtentry.o(.ARM.Collect$$rtentry$$00000000) for __rt_entry
    rtentry.o(.ARM.Collect$$rtentry$$00000000) refers (Special) to rtentry2.o(.ARM.Collect$$rtentry$$0000000A) for __rt_entry_li
    rtentry.o(.ARM.Collect$$rtentry$$00000000) refers (Special) to rtentry2.o(.ARM.Collect$$rtentry$$0000000D) for __rt_entry_main
    rtentry.o(.ARM.Collect$$rtentry$$00000000) refers (Special) to rtentry2.o(.ARM.Collect$$rtentry$$0000000C) for __rt_entry_postli_1
    rtentry.o(.ARM.Collect$$rtentry$$00000000) refers (Special) to rtentry2.o(.ARM.Collect$$rtentry$$00000009) for __rt_entry_postsh_1
    rtentry.o(.ARM.Collect$$rtentry$$00000000) refers (Special) to rtentry2.o(.ARM.Collect$$rtentry$$00000002) for __rt_entry_presh_1
    rtentry.o(.ARM.Collect$$rtentry$$00000000) refers (Special) to rtentry4.o(.ARM.Collect$$rtentry$$00000004) for __rt_entry_sh
    libinit2.o(.ARM.Collect$$libinit$$0000000B) refers (Weak) to rand.o(.text) for _rand_init
    libinit2.o(.ARM.Collect$$libinit$$0000000E) refers to libinit2.o(.ARM.Collect$$libinit$$0000000D) for .ARM.Collect$$libinit$$0000000D
    libinit2.o(.ARM.Collect$$libinit$$00000010) refers to libinit2.o(.ARM.Collect$$libinit$$0000000D) for .ARM.Collect$$libinit$$0000000D
    libinit2.o(.ARM.Collect$$libinit$$00000012) refers to libinit2.o(.ARM.Collect$$libinit$$0000000D) for .ARM.Collect$$libinit$$0000000D
    libinit2.o(.ARM.Collect$$libinit$$00000014) refers to libinit2.o(.ARM.Collect$$libinit$$0000000D) for .ARM.Collect$$libinit$$0000000D
    libinit2.o(.ARM.Collect$$libinit$$00000016) refers to libinit2.o(.ARM.Collect$$libinit$$0000000D) for .ARM.Collect$$libinit$$0000000D
    libinit2.o(.ARM.Collect$$libinit$$00000024) refers to argv_veneer.o(.emb_text) for __ARM_argv_veneer
    libinit2.o(.ARM.Collect$$libinit$$00000025) refers to argv_veneer.o(.emb_text) for __ARM_argv_veneer
    rtentry2.o(.ARM.Collect$$rtentry$$00000008) refers to boardinit2.o(.text) for _platform_post_stackheap_init
    rtentry2.o(.ARM.Collect$$rtentry$$0000000A) refers to libinit.o(.ARM.Collect$$libinit$$00000000) for __rt_lib_init
    rtentry2.o(.ARM.Collect$$rtentry$$0000000B) refers to boardinit3.o(.text) for _platform_post_lib_init
    rtentry2.o(.ARM.Collect$$rtentry$$0000000D) refers to lab5.o(i.main) for main
    rtentry2.o(.ARM.Collect$$rtentry$$0000000D) refers to exit.o(.text) for exit
    rtentry2.o(.ARM.exidx) refers to rtentry2.o(.ARM.Collect$$rtentry$$00000001) for .ARM.Collect$$rtentry$$00000001
    rtentry2.o(.ARM.exidx) refers to rtentry2.o(.ARM.Collect$$rtentry$$00000008) for .ARM.Collect$$rtentry$$00000008
    rtentry2.o(.ARM.exidx) refers to rtentry2.o(.ARM.Collect$$rtentry$$0000000A) for .ARM.Collect$$rtentry$$0000000A
    rtentry2.o(.ARM.exidx) refers to rtentry2.o(.ARM.Collect$$rtentry$$0000000B) for .ARM.Collect$$rtentry$$0000000B
    rtentry2.o(.ARM.exidx) refers to rtentry2.o(.ARM.Collect$$rtentry$$0000000D) for .ARM.Collect$$rtentry$$0000000D
    rtentry4.o(.ARM.Collect$$rtentry$$00000004) refers to sys_stackheap_outer.o(.text) for __user_setup_stackheap
    rtentry4.o(.ARM.exidx) refers to rtentry4.o(.ARM.Collect$$rtentry$$00000004) for .ARM.Collect$$rtentry$$00000004
    argv_veneer.o(.emb_text) refers to no_argv.o(.text) for __ARM_get_argv
    sys_stackheap_outer.o(.text) refers to libspace.o(.text) for __user_perproc_libspace
    sys_stackheap_outer.o(.text) refers to startup.o(.text) for __user_initial_stackheap
    exit.o(.text) refers to rtexit.o(.ARM.Collect$$rtexit$$00000000) for __rt_exit
    _get_argv_nomalloc.o(.text) refers (Special) to hrguard.o(.text) for __heap_region$guard
    _get_argv_nomalloc.o(.text) refers to defsig_rtmem_outer.o(.text) for __rt_SIGRTMEM
    _get_argv_nomalloc.o(.text) refers to sys_command.o(.text) for _sys_command_string
    libinit.o(.ARM.Collect$$libinit$$00000000) refers (Special) to libinit2.o(.ARM.Collect$$libinit$$0000002C) for __rt_lib_init_alloca_1
    libinit.o(.ARM.Collect$$libinit$$00000000) refers (Special) to libinit2.o(.ARM.Collect$$libinit$$0000002A) for __rt_lib_init_argv_1
    libinit.o(.ARM.Collect$$libinit$$00000000) refers (Special) to libinit2.o(.ARM.Collect$$libinit$$00000019) for __rt_lib_init_atexit_1
    libinit.o(.ARM.Collect$$libinit$$00000000) refers (Special) to libinit2.o(.ARM.Collect$$libinit$$0000001F) for __rt_lib_init_clock_1
    libinit.o(.ARM.Collect$$libinit$$00000000) refers (Special) to libinit2.o(.ARM.Collect$$libinit$$00000030) for __rt_lib_init_cpp_1
    libinit.o(.ARM.Collect$$libinit$$00000000) refers (Special) to libinit2.o(.ARM.Collect$$libinit$$0000002E) for __rt_lib_init_exceptions_1
    libinit.o(.ARM.Collect$$libinit$$00000000) refers (Special) to libinit2.o(.ARM.Collect$$libinit$$00000002) for __rt_lib_init_fp_1
    libinit.o(.ARM.Collect$$libinit$$00000000) refers (Special) to libinit2.o(.ARM.Collect$$libinit$$0000001D) for __rt_lib_init_fp_trap_1
    libinit.o(.ARM.Collect$$libinit$$00000000) refers (Special) to libinit2.o(.ARM.Collect$$libinit$$00000021) for __rt_lib_init_getenv_1
    libinit.o(.ARM.Collect$$libinit$$00000000) refers (Special) to libinit2.o(.ARM.Collect$$libinit$$00000008) for __rt_lib_init_heap_1
    libinit.o(.ARM.Collect$$libinit$$00000000) refers (Special) to libinit2.o(.ARM.Collect$$libinit$$0000000F) for __rt_lib_init_lc_collate_1
    libinit.o(.ARM.Collect$$libinit$$00000000) refers (Special) to libinit2.o(.ARM.Collect$$libinit$$00000011) for __rt_lib_init_lc_ctype_1
    libinit.o(.ARM.Collect$$libinit$$00000000) refers (Special) to libinit2.o(.ARM.Collect$$libinit$$00000013) for __rt_lib_init_lc_monetary_1
    libinit.o(.ARM.Collect$$libinit$$00000000) refers (Special) to libinit2.o(.ARM.Collect$$libinit$$00000015) for __rt_lib_init_lc_numeric_1
    libinit.o(.ARM.Collect$$libinit$$00000000) refers (Special) to libinit2.o(.ARM.Collect$$libinit$$00000017) for __rt_lib_init_lc_time_1
    libinit.o(.ARM.Collect$$libinit$$00000000) refers (Special) to libinit2.o(.ARM.Collect$$libinit$$0000000C) for __rt_lib_init_rand_1
    libinit.o(.ARM.Collect$$libinit$$00000000) refers (Special) to libinit2.o(.ARM.Collect$$libinit$$00000031) for __rt_lib_init_return
    libinit.o(.ARM.Collect$$libinit$$00000000) refers (Special) to libinit2.o(.ARM.Collect$$libinit$$0000001B) for __rt_lib_init_signal_1
    libinit.o(.ARM.Collect$$libinit$$00000000) refers (Special) to libinit2.o(.ARM.Collect$$libinit$$00000023) for __rt_lib_init_stdio_1
    libinit.o(.ARM.Collect$$libinit$$00000000) refers (Special) to libinit2.o(.ARM.Collect$$libinit$$0000000A) for __rt_lib_init_user_alloc_1
    sys_command.o(.text) refers (Special) to use_no_semi.o(.text) for __I$use$semihosting
    sys_command.o(.text) refers (Special) to indicate_semi.o(.text) for __semihosting_library_function
    libspace.o(.text) refers to libspace.o(.bss) for __libspace_start
    rtexit.o(.ARM.Collect$$rtexit$$00000000) refers (Special) to rtexit2.o(.ARM.Collect$$rtexit$$00000004) for __rt_exit_exit
    rtexit.o(.ARM.Collect$$rtexit$$00000000) refers (Special) to rtexit2.o(.ARM.Collect$$rtexit$$00000003) for __rt_exit_ls
    rtexit.o(.ARM.Collect$$rtexit$$00000000) refers (Special) to rtexit2.o(.ARM.Collect$$rtexit$$00000002) for __rt_exit_prels_1
    rtexit.o(.ARM.exidx) refers (Special) to rtexit2.o(.ARM.Collect$$rtexit$$00000004) for __rt_exit_exit
    rtexit.o(.ARM.exidx) refers (Special) to rtexit2.o(.ARM.Collect$$rtexit$$00000003) for __rt_exit_ls
    rtexit.o(.ARM.exidx) refers (Special) to rtexit2.o(.ARM.Collect$$rtexit$$00000002) for __rt_exit_prels_1
    rtexit.o(.ARM.exidx) refers to rtexit.o(.ARM.Collect$$rtexit$$00000000) for .ARM.Collect$$rtexit$$00000000
    defsig_rtmem_outer.o(.text) refers to defsig_rtmem_inner.o(.text) for __rt_SIGRTMEM_inner
    defsig_rtmem_outer.o(.text) refers to defsig_exit.o(.text) for __sig_exit
    defsig_rtmem_formal.o(.text) refers to rt_raise.o(.text) for __rt_raise
    rtexit2.o(.ARM.Collect$$rtexit$$00000003) refers to libshutdown.o(.ARM.Collect$$libshutdown$$00000000) for __rt_lib_shutdown
    rtexit2.o(.ARM.Collect$$rtexit$$00000004) refers to sys_exit.o(.text) for _sys_exit
    rtexit2.o(.ARM.exidx) refers to rtexit2.o(.ARM.Collect$$rtexit$$00000001) for .ARM.Collect$$rtexit$$00000001
    rtexit2.o(.ARM.exidx) refers to rtexit2.o(.ARM.Collect$$rtexit$$00000003) for .ARM.Collect$$rtexit$$00000003
    rtexit2.o(.ARM.exidx) refers to rtexit2.o(.ARM.Collect$$rtexit$$00000004) for .ARM.Collect$$rtexit$$00000004
    rt_raise.o(.text) refers to __raise.o(.text) for __raise
    rt_raise.o(.text) refers to sys_exit.o(.text) for _sys_exit
    defsig_exit.o(.text) refers to sys_exit.o(.text) for _sys_exit
    defsig_rtmem_inner.o(.text) refers to defsig_general.o(.text) for __default_signal_display
    sys_exit.o(.text) refers (Special) to use_no_semi.o(.text) for __I$use$semihosting
    sys_exit.o(.text) refers (Special) to indicate_semi.o(.text) for __semihosting_library_function
    __raise.o(.text) refers to defsig.o(CL$$defsig) for __default_signal_handler
    defsig_general.o(.text) refers to sys_wrch.o(.text) for _ttywrch
    libshutdown.o(.ARM.Collect$$libshutdown$$00000000) refers (Special) to libshutdown2.o(.ARM.Collect$$libshutdown$$00000006) for __rt_lib_shutdown_fp_trap_1
    libshutdown.o(.ARM.Collect$$libshutdown$$00000000) refers (Special) to libshutdown2.o(.ARM.Collect$$libshutdown$$0000000E) for __rt_lib_shutdown_heap_1
    libshutdown.o(.ARM.Collect$$libshutdown$$00000000) refers (Special) to libshutdown2.o(.ARM.Collect$$libshutdown$$0000000F) for __rt_lib_shutdown_return
    libshutdown.o(.ARM.Collect$$libshutdown$$00000000) refers (Special) to libshutdown2.o(.ARM.Collect$$libshutdown$$00000009) for __rt_lib_shutdown_signal_1
    libshutdown.o(.ARM.Collect$$libshutdown$$00000000) refers (Special) to libshutdown2.o(.ARM.Collect$$libshutdown$$00000003) for __rt_lib_shutdown_stdio_1
    libshutdown.o(.ARM.Collect$$libshutdown$$00000000) refers (Special) to libshutdown2.o(.ARM.Collect$$libshutdown$$0000000B) for __rt_lib_shutdown_user_alloc_1
    sys_wrch.o(.text) refers (Special) to use_no_semi.o(.text) for __I$use$semihosting
    sys_wrch.o(.text) refers (Special) to indicate_semi.o(.text) for __semihosting_library_function
    defsig.o(CL$$defsig) refers to defsig_rtmem_inner.o(.text) for __rt_SIGRTMEM_inner
    defsig_abrt_inner.o(.text) refers to defsig_general.o(.text) for __default_signal_display
    defsig_fpe_inner.o(.text) refers to defsig_general.o(.text) for __default_signal_display
    defsig_rtred_inner.o(.text) refers to defsig_general.o(.text) for __default_signal_display
    defsig_stak_inner.o(.text) refers to defsig_general.o(.text) for __default_signal_display
    defsig_pvfn_inner.o(.text) refers to defsig_general.o(.text) for __default_signal_display
    defsig_cppl_inner.o(.text) refers to defsig_general.o(.text) for __default_signal_display
    defsig_segv_inner.o(.text) refers to defsig_general.o(.text) for __default_signal_display
    defsig_other.o(.text) refers to defsig_general.o(.text) for __default_signal_display


==============================================================================

Removing Unused input sections from the image.

    Removing dac.o(i.DAC_Init2), (164 bytes).
    Removing dac.o(i.DAC_Out2), (24 bytes).
    Removing dac.o(i.delay), (36 bytes).
    Removing dac.o(.data), (4 bytes).
    Removing pll.o(i.PLL_Init), (124 bytes).
    Removing st7735.o(i.Output_Clear), (10 bytes).
    Removing st7735.o(i.Output_Color), (12 bytes).
    Removing st7735.o(i.Output_Init), (16 bytes).
    Removing st7735.o(i.Output_Off), (8 bytes).
    Removing st7735.o(i.Output_On), (8 bytes).
    Removing st7735.o(i.ST7735_DrawBitmap), (288 bytes).
    Removing st7735.o(i.ST7735_DrawChar), (268 bytes).
    Removing st7735.o(i.ST7735_DrawFastHLine), (124 bytes).
    Removing st7735.o(i.ST7735_InitB), (40 bytes).
    Removing st7735.o(i.ST7735_InvertDisplay), (22 bytes).
    Removing st7735.o(i.ST7735_Line), (150 bytes).
    Removing st7735.o(i.ST7735_OutUDec), (140 bytes).
    Removing st7735.o(i.ST7735_PlotBar), (88 bytes).
    Removing st7735.o(i.ST7735_PlotLine), (264 bytes).
    Removing st7735.o(i.ST7735_PlotNext), (32 bytes).
    Removing st7735.o(i.ST7735_PlotNextErase), (64 bytes).
    Removing st7735.o(i.ST7735_PlotPoint), (152 bytes).
    Removing st7735.o(i.ST7735_PlotPoints), (172 bytes).
    Removing st7735.o(i.ST7735_PlotdBfs), (60 bytes).
    Removing st7735.o(i.ST7735_SetRotation), (212 bytes).
    Removing st7735.o(i.ST7735_SetTextColor), (12 bytes).
    Removing st7735.o(i.ST7735_SwapColor), (18 bytes).
    Removing st7735.o(i.ferror), (8 bytes).
    Removing st7735.o(i.fgetc), (6 bytes).
    Removing st7735.o(i.fillmessage), (72 bytes).
    Removing st7735.o(i.fputc), (16 bytes).
    Removing st7735.o(.bss), (12 bytes).

32 unused section(s) (total 2626 bytes) removed from the image.

==============================================================================

Image Symbol Table

    Local Symbols

    Symbol Name                              Value     Ov Type        Size  Object(Section)

    RESET                                    0x00000000   Section      644  startup.o(RESET)
    ../clib/angel/boardlib.s                 0x00000000   Number         0  boardinit1.o ABSOLUTE
    ../clib/angel/boardlib.s                 0x00000000   Number         0  boardshut.o ABSOLUTE
    ../clib/angel/boardlib.s                 0x00000000   Number         0  boardinit2.o ABSOLUTE
    ../clib/angel/boardlib.s                 0x00000000   Number         0  boardinit3.o ABSOLUTE
    ../clib/angel/dczerorl2.s                0x00000000   Number         0  __dczerorl2.o ABSOLUTE
    ../clib/angel/handlers.s                 0x00000000   Number         0  __scatter_zi.o ABSOLUTE
    ../clib/angel/kernel.s                   0x00000000   Number         0  rtexit.o ABSOLUTE
    ../clib/angel/kernel.s                   0x00000000   Number         0  rtexit2.o ABSOLUTE
    ../clib/angel/kernel.s                   0x00000000   Number         0  rtentry.o ABSOLUTE
    ../clib/angel/kernel.s                   0x00000000   Number         0  rtentry2.o ABSOLUTE
    ../clib/angel/kernel.s                   0x00000000   Number         0  rtentry4.o ABSOLUTE
    ../clib/angel/rt.s                       0x00000000   Number         0  rt_raise.o ABSOLUTE
    ../clib/angel/scatter.s                  0x00000000   Number         0  __scatter.o ABSOLUTE
    ../clib/angel/startup.s                  0x00000000   Number         0  __main.o ABSOLUTE
    ../clib/angel/sys.s                      0x00000000   Number         0  use_no_semi.o ABSOLUTE
    ../clib/angel/sys.s                      0x00000000   Number         0  indicate_semi.o ABSOLUTE
    ../clib/angel/sys.s                      0x00000000   Number         0  libspace.o ABSOLUTE
    ../clib/angel/sys.s                      0x00000000   Number         0  sys_stackheap_outer.o ABSOLUTE
    ../clib/angel/sysapp.c                   0x00000000   Number         0  sys_wrch.o ABSOLUTE
    ../clib/angel/sysapp.c                   0x00000000   Number         0  sys_exit.o ABSOLUTE
    ../clib/angel/sysapp.c                   0x00000000   Number         0  sys_command.o ABSOLUTE
    ../clib/armsys.c                         0x00000000   Number         0  _get_argv_nomalloc.o ABSOLUTE
    ../clib/armsys.c                         0x00000000   Number         0  argv_veneer.o ABSOLUTE
    ../clib/armsys.c                         0x00000000   Number         0  no_argv.o ABSOLUTE
    ../clib/armsys.c                         0x00000000   Number         0  argv_veneer.o ABSOLUTE
    ../clib/heapalloc.c                      0x00000000   Number         0  hrguard.o ABSOLUTE
    ../clib/heapaux.c                        0x00000000   Number         0  heapauxi.o ABSOLUTE
    ../clib/libinit.s                        0x00000000   Number         0  libshutdown.o ABSOLUTE
    ../clib/libinit.s                        0x00000000   Number         0  libshutdown2.o ABSOLUTE
    ../clib/libinit.s                        0x00000000   Number         0  libinit.o ABSOLUTE
    ../clib/libinit.s                        0x00000000   Number         0  libinit2.o ABSOLUTE
    ../clib/signal.c                         0x00000000   Number         0  defsig_other.o ABSOLUTE
    ../clib/signal.c                         0x00000000   Number         0  defsig_segv_inner.o ABSOLUTE
    ../clib/signal.c                         0x00000000   Number         0  defsig_cppl_inner.o ABSOLUTE
    ../clib/signal.c                         0x00000000   Number         0  defsig_pvfn_inner.o ABSOLUTE
    ../clib/signal.c                         0x00000000   Number         0  defsig_stak_inner.o ABSOLUTE
    ../clib/signal.c                         0x00000000   Number         0  defsig_rtred_inner.o ABSOLUTE
    ../clib/signal.c                         0x00000000   Number         0  __raise.o ABSOLUTE
    ../clib/signal.c                         0x00000000   Number         0  defsig_general.o ABSOLUTE
    ../clib/signal.c                         0x00000000   Number         0  defsig_rtmem_outer.o ABSOLUTE
    ../clib/signal.c                         0x00000000   Number         0  defsig_rtmem_formal.o ABSOLUTE
    ../clib/signal.c                         0x00000000   Number         0  defsig_rtmem_inner.o ABSOLUTE
    ../clib/signal.c                         0x00000000   Number         0  defsig_exit.o ABSOLUTE
    ../clib/signal.c                         0x00000000   Number         0  defsig_abrt_inner.o ABSOLUTE
    ../clib/signal.c                         0x00000000   Number         0  defsig_fpe_inner.o ABSOLUTE
    ../clib/signal.s                         0x00000000   Number         0  defsig.o ABSOLUTE
    ../clib/stdlib.c                         0x00000000   Number         0  exit.o ABSOLUTE
    ../clib/stdlib.c                         0x00000000   Number         0  rand.o ABSOLUTE
    ../clib/stdlib.c                         0x00000000   Number         0  rand.o ABSOLUTE
    ../fplib/fpinit.s                        0x00000000   Number         0  fpinit.o ABSOLUTE
    DAC.c                                    0x00000000   Number         0  dac.o ABSOLUTE
    Lab5.c                                   0x00000000   Number         0  lab5.o ABSOLUTE
    Music.c                                  0x00000000   Number         0  music.o ABSOLUTE
    PLL.c                                    0x00000000   Number         0  pll.o ABSOLUTE
    ST7735.c                                 0x00000000   Number         0  st7735.o ABSOLUTE
    Switch.c                                 0x00000000   Number         0  switch.o ABSOLUTE
    SysTick.c                                0x00000000   Number         0  systick.o ABSOLUTE
    Timer0A.c                                0x00000000   Number         0  timer0a.o ABSOLUTE
    Timer1A.c                                0x00000000   Number         0  timer1a.o ABSOLUTE
    dc.s                                     0x00000000   Number         0  dc.o ABSOLUTE
    startup.s                                0x00000000   Number         0  startup.o ABSOLUTE
    !!!main                                  0x00000284   Section        8  __main.o(!!!main)
    !!!scatter                               0x0000028c   Section       52  __scatter.o(!!!scatter)
    !!dczerorl2                              0x000002c0   Section       90  __dczerorl2.o(!!dczerorl2)
    !!handler_zi                             0x0000031c   Section       28  __scatter_zi.o(!!handler_zi)
    .ARM.Collect$$libinit$$00000000          0x00000338   Section        2  libinit.o(.ARM.Collect$$libinit$$00000000)
    .ARM.Collect$$libinit$$00000002          0x0000033a   Section        0  libinit2.o(.ARM.Collect$$libinit$$00000002)
    .ARM.Collect$$libinit$$00000008          0x0000033a   Section        0  libinit2.o(.ARM.Collect$$libinit$$00000008)
    .ARM.Collect$$libinit$$0000000A          0x0000033a   Section        0  libinit2.o(.ARM.Collect$$libinit$$0000000A)
    .ARM.Collect$$libinit$$0000000B          0x0000033a   Section        4  libinit2.o(.ARM.Collect$$libinit$$0000000B)
    .ARM.Collect$$libinit$$0000000C          0x0000033e   Section        0  libinit2.o(.ARM.Collect$$libinit$$0000000C)
    .ARM.Collect$$libinit$$0000000F          0x0000033e   Section        0  libinit2.o(.ARM.Collect$$libinit$$0000000F)
    .ARM.Collect$$libinit$$00000011          0x0000033e   Section        0  libinit2.o(.ARM.Collect$$libinit$$00000011)
    .ARM.Collect$$libinit$$00000013          0x0000033e   Section        0  libinit2.o(.ARM.Collect$$libinit$$00000013)
    .ARM.Collect$$libinit$$00000015          0x0000033e   Section        0  libinit2.o(.ARM.Collect$$libinit$$00000015)
    .ARM.Collect$$libinit$$00000017          0x0000033e   Section        0  libinit2.o(.ARM.Collect$$libinit$$00000017)
    .ARM.Collect$$libinit$$00000019          0x0000033e   Section        0  libinit2.o(.ARM.Collect$$libinit$$00000019)
    .ARM.Collect$$libinit$$0000001B          0x0000033e   Section        0  libinit2.o(.ARM.Collect$$libinit$$0000001B)
    .ARM.Collect$$libinit$$0000001D          0x0000033e   Section        0  libinit2.o(.ARM.Collect$$libinit$$0000001D)
    .ARM.Collect$$libinit$$0000001F          0x0000033e   Section        0  libinit2.o(.ARM.Collect$$libinit$$0000001F)
    .ARM.Collect$$libinit$$00000021          0x0000033e   Section        0  libinit2.o(.ARM.Collect$$libinit$$00000021)
    .ARM.Collect$$libinit$$00000023          0x0000033e   Section        0  libinit2.o(.ARM.Collect$$libinit$$00000023)
    .ARM.Collect$$libinit$$0000002A          0x0000033e   Section        0  libinit2.o(.ARM.Collect$$libinit$$0000002A)
    .ARM.Collect$$libinit$$0000002C          0x0000033e   Section        0  libinit2.o(.ARM.Collect$$libinit$$0000002C)
    .ARM.Collect$$libinit$$0000002E          0x0000033e   Section        0  libinit2.o(.ARM.Collect$$libinit$$0000002E)
    .ARM.Collect$$libinit$$00000030          0x0000033e   Section        0  libinit2.o(.ARM.Collect$$libinit$$00000030)
    .ARM.Collect$$libinit$$00000031          0x0000033e   Section        2  libinit2.o(.ARM.Collect$$libinit$$00000031)
    .ARM.Collect$$libshutdown$$00000000      0x00000340   Section        2  libshutdown.o(.ARM.Collect$$libshutdown$$00000000)
    .ARM.Collect$$libshutdown$$00000003      0x00000342   Section        0  libshutdown2.o(.ARM.Collect$$libshutdown$$00000003)
    .ARM.Collect$$libshutdown$$00000006      0x00000342   Section        0  libshutdown2.o(.ARM.Collect$$libshutdown$$00000006)
    .ARM.Collect$$libshutdown$$00000009      0x00000342   Section        0  libshutdown2.o(.ARM.Collect$$libshutdown$$00000009)
    .ARM.Collect$$libshutdown$$0000000B      0x00000342   Section        0  libshutdown2.o(.ARM.Collect$$libshutdown$$0000000B)
    .ARM.Collect$$libshutdown$$0000000E      0x00000342   Section        0  libshutdown2.o(.ARM.Collect$$libshutdown$$0000000E)
    .ARM.Collect$$libshutdown$$0000000F      0x00000342   Section        2  libshutdown2.o(.ARM.Collect$$libshutdown$$0000000F)
    .ARM.Collect$$rtentry$$00000000          0x00000344   Section        0  rtentry.o(.ARM.Collect$$rtentry$$00000000)
    .ARM.Collect$$rtentry$$00000002          0x00000344   Section        0  rtentry2.o(.ARM.Collect$$rtentry$$00000002)
    .ARM.Collect$$rtentry$$00000004          0x00000344   Section        6  rtentry4.o(.ARM.Collect$$rtentry$$00000004)
    .ARM.Collect$$rtentry$$00000009          0x0000034a   Section        0  rtentry2.o(.ARM.Collect$$rtentry$$00000009)
    .ARM.Collect$$rtentry$$0000000A          0x0000034a   Section        4  rtentry2.o(.ARM.Collect$$rtentry$$0000000A)
    .ARM.Collect$$rtentry$$0000000C          0x0000034e   Section        0  rtentry2.o(.ARM.Collect$$rtentry$$0000000C)
    .ARM.Collect$$rtentry$$0000000D          0x0000034e   Section        8  rtentry2.o(.ARM.Collect$$rtentry$$0000000D)
    .ARM.Collect$$rtexit$$00000000           0x00000356   Section        2  rtexit.o(.ARM.Collect$$rtexit$$00000000)
    .ARM.Collect$$rtexit$$00000002           0x00000358   Section        0  rtexit2.o(.ARM.Collect$$rtexit$$00000002)
    .ARM.Collect$$rtexit$$00000003           0x00000358   Section        4  rtexit2.o(.ARM.Collect$$rtexit$$00000003)
    .ARM.Collect$$rtexit$$00000004           0x0000035c   Section        6  rtexit2.o(.ARM.Collect$$rtexit$$00000004)
    .emb_text                                0x00000364   Section       52  rand.o(.emb_text)
    .text                                    0x00000398   Section       48  startup.o(.text)
    .text                                    0x000003c8   Section        0  rand.o(.text)
    .text                                    0x00000404   Section        0  heapauxi.o(.text)
    .text                                    0x0000040a   Section       74  sys_stackheap_outer.o(.text)
    .text                                    0x00000454   Section        0  exit.o(.text)
    .text                                    0x00000460   Section        8  libspace.o(.text)
    .text                                    0x00000468   Section        2  use_no_semi.o(.text)
    .text                                    0x0000046a   Section        0  indicate_semi.o(.text)
    .text                                    0x0000046c   Section        0  sys_exit.o(.text)
    i.Board_Init                             0x00000478   Section        0  switch.o(i.Board_Init)
    i.DAC_Init                               0x0000050c   Section        0  dac.o(i.DAC_Init)
    i.DAC_Out                                0x00000570   Section        0  dac.o(i.DAC_Out)
    i.Delay1ms                               0x000005e0   Section        0  st7735.o(i.Delay1ms)
    i.GPIOPortE_Handler                      0x00000600   Section        0  switch.o(i.GPIOPortE_Handler)
    i.GPIOPortF_Handler                      0x0000063c   Section        0  switch.o(i.GPIOPortF_Handler)
    i.HeartBeat_Init                         0x000006cc   Section        0  lab5.o(i.HeartBeat_Init)
    i.Music_Play                             0x00000734   Section        0  music.o(i.Music_Play)
    i.PolledButtons_Init                     0x00000860   Section        0  switch.o(i.PolledButtons_Init)
    i.ST7735_Color565                        0x00000938   Section        0  st7735.o(i.ST7735_Color565)
    i.ST7735_DrawCharS                       0x00000950   Section        0  st7735.o(i.ST7735_DrawCharS)
    i.ST7735_DrawFastVLine                   0x00000a44   Section        0  st7735.o(i.ST7735_DrawFastVLine)
    i.ST7735_DrawPixel                       0x00000ac0   Section        0  st7735.o(i.ST7735_DrawPixel)
    i.ST7735_DrawString                      0x00000b0c   Section        0  st7735.o(i.ST7735_DrawString)
    i.ST7735_FillRect                        0x00000b60   Section        0  st7735.o(i.ST7735_FillRect)
    i.ST7735_FillScreen                      0x00000c0c   Section        0  st7735.o(i.ST7735_FillScreen)
    i.ST7735_InitR                           0x00000c30   Section        0  st7735.o(i.ST7735_InitR)
    i.ST7735_OutChar                         0x00000cac   Section        0  st7735.o(i.ST7735_OutChar)
    i.ST7735_OutString                       0x00000d80   Section        0  st7735.o(i.ST7735_OutString)
    i.ST7735_PlotClear                       0x00000d98   Section        0  st7735.o(i.ST7735_PlotClear)
    i.ST7735_SetCursor                       0x00000df4   Section        0  st7735.o(i.ST7735_SetCursor)
    i.Switch_Init2                           0x00000e14   Section        0  switch.o(i.Switch_Init2)
    i.SysTick_Handler                        0x00000f18   Section        0  systick.o(i.SysTick_Handler)
    i.SysTick_Init                           0x00000f24   Section        0  systick.o(i.SysTick_Init)
    i.Timer0A_Handler                        0x00000f5c   Section        0  timer0a.o(i.Timer0A_Handler)
    i.Timer0A_Init                           0x00000f90   Section        0  timer0a.o(i.Timer0A_Init)
    i.Timer1A_Handler                        0x00001004   Section        0  timer1a.o(i.Timer1A_Handler)
    i.Timer1A_Init                           0x00001038   Section        0  timer1a.o(i.Timer1A_Init)
    i.commandList                            0x000010ac   Section        0  st7735.o(i.commandList)
    commandList                              0x000010ad   Thumb Code    86  st7735.o(i.commandList)
    i.commonInit                             0x00001104   Section        0  st7735.o(i.commonInit)
    commonInit                               0x00001105   Thumb Code   340  st7735.o(i.commonInit)
    i.main                                   0x00001288   Section        0  lab5.o(i.main)
    i.plotImage                              0x00001368   Section        0  lab5.o(i.plotImage)
    i.pushColor                              0x00001b4c   Section        0  st7735.o(i.pushColor)
    pushColor                                0x00001b4d   Thumb Code    18  st7735.o(i.pushColor)
    i.resetSwitches                          0x00001b60   Section        0  switch.o(i.resetSwitches)
    i.setAddrWindow                          0x00001b84   Section        0  st7735.o(i.setAddrWindow)
    setAddrWindow                            0x00001b85   Thumb Code   106  st7735.o(i.setAddrWindow)
    i.writecommand                           0x00001bf8   Section        0  st7735.o(i.writecommand)
    writecommand                             0x00001bf9   Thumb Code    40  st7735.o(i.writecommand)
    i.writedata                              0x00001c28   Section        0  st7735.o(i.writedata)
    writedata                                0x00001c29   Thumb Code    24  st7735.o(i.writedata)
    .constdata                               0x00001c48   Section      384  music.o(.constdata)
    .constdata                               0x00001dc8   Section     2018  st7735.o(.constdata)
    Font                                     0x00001dc8   Data        1275  st7735.o(.constdata)
    Bcmd                                     0x000022c3   Data         103  st7735.o(.constdata)
    Rcmd1                                    0x0000232a   Data          59  st7735.o(.constdata)
    Rcmd2green                               0x00002365   Data          13  st7735.o(.constdata)
    Rcmd2red                                 0x00002372   Data          13  st7735.o(.constdata)
    Rcmd3                                    0x0000237f   Data          43  st7735.o(.constdata)
    .data                                    0x20000000   Section       96  lab5.o(.data)
    .data                                    0x20000060   Section      792  music.o(.data)
    .data                                    0x20000378   Section       44  st7735.o(.data)
    _width                                   0x20000382   Data           2  st7735.o(.data)
    _height                                  0x20000384   Data           2  st7735.o(.data)
    ColStart                                 0x2000038c   Data           1  st7735.o(.data)
    RowStart                                 0x2000038d   Data           1  st7735.o(.data)
    Rotation                                 0x2000038e   Data           1  st7735.o(.data)
    TabColor                                 0x2000038f   Data           1  st7735.o(.data)
    .data                                    0x200003a4   Section       28  switch.o(.data)
    .data                                    0x200003c0   Section       14  timer0a.o(.data)
    .data                                    0x200003d0   Section        4  systick.o(.data)
    .data                                    0x200003d4   Section        8  timer1a.o(.data)
    .bss                                     0x200003dc   Section      228  rand.o(.bss)
    .bss                                     0x200004c0   Section       96  libspace.o(.bss)
    HEAP                                     0x20000520   Section        0  startup.o(HEAP)
    STACK                                    0x20000520   Section     1024  startup.o(STACK)
    HeapMem                                  0x20000520   Data           0  startup.o(HEAP)
    StackMem                                 0x20000520   Data           0  startup.o(STACK)

    Global Symbols

    Symbol Name                              Value     Ov Type        Size  Object(Section)

    BuildAttributes$$THM_ISAv4$E$P$D$K$B$S$7EM$PE$A:L22UL41UL21$X:L11$S22US41US21$IEEE1$IW$USESV6$~STKCKD$USESV7$~SHL$OSPACE$ROPI$EBA8$UX$STANDARDLIB$REQ8$PRES8$EABIv2 0x00000000   Number         0  anon$$obj.o ABSOLUTE
    __ARM_use_no_argv                        0x00000000   Number         0  lab5.o ABSOLUTE
    __Vectors                                0x00000000   Data           0  startup.o(RESET)
    __ARM_exceptions_init                     - Undefined Weak Reference
    __alloca_initialize                       - Undefined Weak Reference
    __cpp_initialize__aeabi_                  - Undefined Weak Reference
    __cxa_finalize                            - Undefined Weak Reference
    __rt_locale                               - Undefined Weak Reference
    __sigvec_lookup                           - Undefined Weak Reference
    _atexit_init                              - Undefined Weak Reference
    _call_atexit_fns                          - Undefined Weak Reference
    _clock_init                               - Undefined Weak Reference
    _fp_trap_init                             - Undefined Weak Reference
    _fp_trap_shutdown                         - Undefined Weak Reference
    _get_lc_collate                           - Undefined Weak Reference
    _get_lc_ctype                             - Undefined Weak Reference
    _get_lc_monetary                          - Undefined Weak Reference
    _get_lc_numeric                           - Undefined Weak Reference
    _get_lc_time                              - Undefined Weak Reference
    _getenv_init                              - Undefined Weak Reference
    _handle_redirection                       - Undefined Weak Reference
    _init_alloc                               - Undefined Weak Reference
    _init_user_alloc                          - Undefined Weak Reference
    _initio                                   - Undefined Weak Reference
    _signal_finish                            - Undefined Weak Reference
    _signal_init                              - Undefined Weak Reference
    _terminate_alloc                          - Undefined Weak Reference
    _terminate_user_alloc                     - Undefined Weak Reference
    _terminateio                              - Undefined Weak Reference
    Reset_Handler                            0x0000026d   Thumb Code     0  startup.o(RESET)
    NMI_Handler                              0x00000271   Thumb Code     2  startup.o(RESET)
    HardFault_Handler                        0x00000273   Thumb Code     2  startup.o(RESET)
    MemManage_Handler                        0x00000275   Thumb Code     2  startup.o(RESET)
    BusFault_Handler                         0x00000277   Thumb Code     2  startup.o(RESET)
    UsageFault_Handler                       0x00000279   Thumb Code     2  startup.o(RESET)
    SVC_Handler                              0x0000027b   Thumb Code     2  startup.o(RESET)
    DebugMon_Handler                         0x0000027d   Thumb Code     2  startup.o(RESET)
    PendSV_Handler                           0x0000027f   Thumb Code     2  startup.o(RESET)
    ADC0Seq0_Handler                         0x00000283   Thumb Code     0  startup.o(RESET)
    ADC0Seq1_Handler                         0x00000283   Thumb Code     0  startup.o(RESET)
    ADC0Seq2_Handler                         0x00000283   Thumb Code     0  startup.o(RESET)
    ADC0Seq3_Handler                         0x00000283   Thumb Code     0  startup.o(RESET)
    ADC1Seq0_Handler                         0x00000283   Thumb Code     0  startup.o(RESET)
    ADC1Seq1_Handler                         0x00000283   Thumb Code     0  startup.o(RESET)
    ADC1Seq2_Handler                         0x00000283   Thumb Code     0  startup.o(RESET)
    ADC1Seq3_Handler                         0x00000283   Thumb Code     0  startup.o(RESET)
    CAN0_Handler                             0x00000283   Thumb Code     0  startup.o(RESET)
    CAN1_Handler                             0x00000283   Thumb Code     0  startup.o(RESET)
    CAN2_Handler                             0x00000283   Thumb Code     0  startup.o(RESET)
    Comp0_Handler                            0x00000283   Thumb Code     0  startup.o(RESET)
    Comp1_Handler                            0x00000283   Thumb Code     0  startup.o(RESET)
    Comp2_Handler                            0x00000283   Thumb Code     0  startup.o(RESET)
    Ethernet_Handler                         0x00000283   Thumb Code     0  startup.o(RESET)
    ExtBus_Handler                           0x00000283   Thumb Code     0  startup.o(RESET)
    FPU_Handler                              0x00000283   Thumb Code     0  startup.o(RESET)
    Fan0_Handler                             0x00000283   Thumb Code     0  startup.o(RESET)
    FlashCtl_Handler                         0x00000283   Thumb Code     0  startup.o(RESET)
    GPIOPortA_Handler                        0x00000283   Thumb Code     0  startup.o(RESET)
    GPIOPortB_Handler                        0x00000283   Thumb Code     0  startup.o(RESET)
    GPIOPortC_Handler                        0x00000283   Thumb Code     0  startup.o(RESET)
    GPIOPortD_Handler                        0x00000283   Thumb Code     0  startup.o(RESET)
    GPIOPortG_Handler                        0x00000283   Thumb Code     0  startup.o(RESET)
    GPIOPortH_Handler                        0x00000283   Thumb Code     0  startup.o(RESET)
    GPIOPortJ_Handler                        0x00000283   Thumb Code     0  startup.o(RESET)
    GPIOPortK_Handler                        0x00000283   Thumb Code     0  startup.o(RESET)
    GPIOPortL_Handler                        0x00000283   Thumb Code     0  startup.o(RESET)
    GPIOPortM_Handler                        0x00000283   Thumb Code     0  startup.o(RESET)
    GPIOPortN_Handler                        0x00000283   Thumb Code     0  startup.o(RESET)
    GPIOPortP1_Handler                       0x00000283   Thumb Code     0  startup.o(RESET)
    GPIOPortP2_Handler                       0x00000283   Thumb Code     0  startup.o(RESET)
    GPIOPortP3_Handler                       0x00000283   Thumb Code     0  startup.o(RESET)
    GPIOPortP4_Handler                       0x00000283   Thumb Code     0  startup.o(RESET)
    GPIOPortP5_Handler                       0x00000283   Thumb Code     0  startup.o(RESET)
    GPIOPortP6_Handler                       0x00000283   Thumb Code     0  startup.o(RESET)
    GPIOPortP7_Handler                       0x00000283   Thumb Code     0  startup.o(RESET)
    GPIOPortP_Handler                        0x00000283   Thumb Code     0  startup.o(RESET)
    GPIOPortQ1_Handler                       0x00000283   Thumb Code     0  startup.o(RESET)
    GPIOPortQ2_Handler                       0x00000283   Thumb Code     0  startup.o(RESET)
    GPIOPortQ3_Handler                       0x00000283   Thumb Code     0  startup.o(RESET)
    GPIOPortQ4_Handler                       0x00000283   Thumb Code     0  startup.o(RESET)
    GPIOPortQ5_Handler                       0x00000283   Thumb Code     0  startup.o(RESET)
    GPIOPortQ6_Handler                       0x00000283   Thumb Code     0  startup.o(RESET)
    GPIOPortQ7_Handler                       0x00000283   Thumb Code     0  startup.o(RESET)
    GPIOPortQ_Handler                        0x00000283   Thumb Code     0  startup.o(RESET)
    GPIOPortR_Handler                        0x00000283   Thumb Code     0  startup.o(RESET)
    GPIOPortS_Handler                        0x00000283   Thumb Code     0  startup.o(RESET)
    Hibernate_Handler                        0x00000283   Thumb Code     0  startup.o(RESET)
    I2C0_Handler                             0x00000283   Thumb Code     0  startup.o(RESET)
    I2C1_Handler                             0x00000283   Thumb Code     0  startup.o(RESET)
    I2C2_Handler                             0x00000283   Thumb Code     0  startup.o(RESET)
    I2C3_Handler                             0x00000283   Thumb Code     0  startup.o(RESET)
    I2C4_Handler                             0x00000283   Thumb Code     0  startup.o(RESET)
    I2C5_Handler                             0x00000283   Thumb Code     0  startup.o(RESET)
    I2S0_Handler                             0x00000283   Thumb Code     0  startup.o(RESET)
    LPC0_Handler                             0x00000283   Thumb Code     0  startup.o(RESET)
    PECI0_Handler                            0x00000283   Thumb Code     0  startup.o(RESET)
    PWM0Fault_Handler                        0x00000283   Thumb Code     0  startup.o(RESET)
    PWM0Generator0_Handler                   0x00000283   Thumb Code     0  startup.o(RESET)
    PWM0Generator1_Handler                   0x00000283   Thumb Code     0  startup.o(RESET)
    PWM0Generator2_Handler                   0x00000283   Thumb Code     0  startup.o(RESET)
    PWM0Generator3_Handler                   0x00000283   Thumb Code     0  startup.o(RESET)
    PWM1Fault_Handler                        0x00000283   Thumb Code     0  startup.o(RESET)
    PWM1Generator0_Handler                   0x00000283   Thumb Code     0  startup.o(RESET)
    PWM1Generator1_Handler                   0x00000283   Thumb Code     0  startup.o(RESET)
    PWM1Generator2_Handler                   0x00000283   Thumb Code     0  startup.o(RESET)
    PWM1Generator3_Handler                   0x00000283   Thumb Code     0  startup.o(RESET)
    Quadrature0_Handler                      0x00000283   Thumb Code     0  startup.o(RESET)
    Quadrature1_Handler                      0x00000283   Thumb Code     0  startup.o(RESET)
    Quadrature2_Handler                      0x00000283   Thumb Code     0  startup.o(RESET)
    SSI0_Handler                             0x00000283   Thumb Code     0  startup.o(RESET)
    SSI1_Handler                             0x00000283   Thumb Code     0  startup.o(RESET)
    SSI2_Handler                             0x00000283   Thumb Code     0  startup.o(RESET)
    SSI3_Handler                             0x00000283   Thumb Code     0  startup.o(RESET)
    SysCtl_Handler                           0x00000283   Thumb Code     0  startup.o(RESET)
    Timer0B_Handler                          0x00000283   Thumb Code     0  startup.o(RESET)
    Timer1B_Handler                          0x00000283   Thumb Code     0  startup.o(RESET)
    Timer2A_Handler                          0x00000283   Thumb Code     0  startup.o(RESET)
    Timer2B_Handler                          0x00000283   Thumb Code     0  startup.o(RESET)
    Timer3A_Handler                          0x00000283   Thumb Code     0  startup.o(RESET)
    Timer3B_Handler                          0x00000283   Thumb Code     0  startup.o(RESET)
    Timer4A_Handler                          0x00000283   Thumb Code     0  startup.o(RESET)
    Timer4B_Handler                          0x00000283   Thumb Code     0  startup.o(RESET)
    Timer5A_Handler                          0x00000283   Thumb Code     0  startup.o(RESET)
    Timer5B_Handler                          0x00000283   Thumb Code     0  startup.o(RESET)
    UART0_Handler                            0x00000283   Thumb Code     0  startup.o(RESET)
    UART1_Handler                            0x00000283   Thumb Code     0  startup.o(RESET)
    UART2_Handler                            0x00000283   Thumb Code     0  startup.o(RESET)
    UART3_Handler                            0x00000283   Thumb Code     0  startup.o(RESET)
    UART4_Handler                            0x00000283   Thumb Code     0  startup.o(RESET)
    UART5_Handler                            0x00000283   Thumb Code     0  startup.o(RESET)
    UART6_Handler                            0x00000283   Thumb Code     0  startup.o(RESET)
    UART7_Handler                            0x00000283   Thumb Code     0  startup.o(RESET)
    USB0_Handler                             0x00000283   Thumb Code     0  startup.o(RESET)
    WDT_Handler                              0x00000283   Thumb Code     0  startup.o(RESET)
    WideTimer0A_Handler                      0x00000283   Thumb Code     0  startup.o(RESET)
    WideTimer0B_Handler                      0x00000283   Thumb Code     0  startup.o(RESET)
    WideTimer1A_Handler                      0x00000283   Thumb Code     0  startup.o(RESET)
    WideTimer1B_Handler                      0x00000283   Thumb Code     0  startup.o(RESET)
    WideTimer2A_Handler                      0x00000283   Thumb Code     0  startup.o(RESET)
    WideTimer2B_Handler                      0x00000283   Thumb Code     0  startup.o(RESET)
    WideTimer3A_Handler                      0x00000283   Thumb Code     0  startup.o(RESET)
    WideTimer3B_Handler                      0x00000283   Thumb Code     0  startup.o(RESET)
    WideTimer4A_Handler                      0x00000283   Thumb Code     0  startup.o(RESET)
    WideTimer4B_Handler                      0x00000283   Thumb Code     0  startup.o(RESET)
    WideTimer5A_Handler                      0x00000283   Thumb Code     0  startup.o(RESET)
    WideTimer5B_Handler                      0x00000283   Thumb Code     0  startup.o(RESET)
    uDMA_Error                               0x00000283   Thumb Code     0  startup.o(RESET)
    uDMA_Handler                             0x00000283   Thumb Code     0  startup.o(RESET)
    __main                                   0x00000285   Thumb Code     8  __main.o(!!!main)
    __scatterload                            0x0000028d   Thumb Code     0  __scatter.o(!!!scatter)
    __scatterload_rt2                        0x0000028d   Thumb Code    44  __scatter.o(!!!scatter)
    __scatterload_rt2_thumb_only             0x0000028d   Thumb Code     0  __scatter.o(!!!scatter)
    __scatterload_null                       0x0000029b   Thumb Code     0  __scatter.o(!!!scatter)
    __decompress                             0x000002c1   Thumb Code    90  __dczerorl2.o(!!dczerorl2)
    __decompress1                            0x000002c1   Thumb Code     0  __dczerorl2.o(!!dczerorl2)
    __scatterload_zeroinit                   0x0000031d   Thumb Code    28  __scatter_zi.o(!!handler_zi)
    __rt_lib_init                            0x00000339   Thumb Code     0  libinit.o(.ARM.Collect$$libinit$$00000000)
    __rt_lib_init_fp_1                       0x0000033b   Thumb Code     0  libinit2.o(.ARM.Collect$$libinit$$00000002)
    __rt_lib_init_heap_1                     0x0000033b   Thumb Code     0  libinit2.o(.ARM.Collect$$libinit$$00000008)
    __rt_lib_init_rand_2                     0x0000033b   Thumb Code     0  libinit2.o(.ARM.Collect$$libinit$$0000000B)
    __rt_lib_init_user_alloc_1               0x0000033b   Thumb Code     0  libinit2.o(.ARM.Collect$$libinit$$0000000A)
    __rt_lib_init_alloca_1                   0x0000033f   Thumb Code     0  libinit2.o(.ARM.Collect$$libinit$$0000002C)
    __rt_lib_init_argv_1                     0x0000033f   Thumb Code     0  libinit2.o(.ARM.Collect$$libinit$$0000002A)
    __rt_lib_init_atexit_1                   0x0000033f   Thumb Code     0  libinit2.o(.ARM.Collect$$libinit$$00000019)
    __rt_lib_init_clock_1                    0x0000033f   Thumb Code     0  libinit2.o(.ARM.Collect$$libinit$$0000001F)
    __rt_lib_init_cpp_1                      0x0000033f   Thumb Code     0  libinit2.o(.ARM.Collect$$libinit$$00000030)
    __rt_lib_init_exceptions_1               0x0000033f   Thumb Code     0  libinit2.o(.ARM.Collect$$libinit$$0000002E)
    __rt_lib_init_fp_trap_1                  0x0000033f   Thumb Code     0  libinit2.o(.ARM.Collect$$libinit$$0000001D)
    __rt_lib_init_getenv_1                   0x0000033f   Thumb Code     0  libinit2.o(.ARM.Collect$$libinit$$00000021)
    __rt_lib_init_lc_collate_1               0x0000033f   Thumb Code     0  libinit2.o(.ARM.Collect$$libinit$$0000000F)
    __rt_lib_init_lc_ctype_1                 0x0000033f   Thumb Code     0  libinit2.o(.ARM.Collect$$libinit$$00000011)
    __rt_lib_init_lc_monetary_1              0x0000033f   Thumb Code     0  libinit2.o(.ARM.Collect$$libinit$$00000013)
    __rt_lib_init_lc_numeric_1               0x0000033f   Thumb Code     0  libinit2.o(.ARM.Collect$$libinit$$00000015)
    __rt_lib_init_lc_time_1                  0x0000033f   Thumb Code     0  libinit2.o(.ARM.Collect$$libinit$$00000017)
    __rt_lib_init_rand_1                     0x0000033f   Thumb Code     0  libinit2.o(.ARM.Collect$$libinit$$0000000C)
    __rt_lib_init_return                     0x0000033f   Thumb Code     0  libinit2.o(.ARM.Collect$$libinit$$00000031)
    __rt_lib_init_signal_1                   0x0000033f   Thumb Code     0  libinit2.o(.ARM.Collect$$libinit$$0000001B)
    __rt_lib_init_stdio_1                    0x0000033f   Thumb Code     0  libinit2.o(.ARM.Collect$$libinit$$00000023)
    __rt_lib_shutdown                        0x00000341   Thumb Code     0  libshutdown.o(.ARM.Collect$$libshutdown$$00000000)
    __rt_lib_shutdown_fp_trap_1              0x00000343   Thumb Code     0  libshutdown2.o(.ARM.Collect$$libshutdown$$00000006)
    __rt_lib_shutdown_heap_1                 0x00000343   Thumb Code     0  libshutdown2.o(.ARM.Collect$$libshutdown$$0000000E)
    __rt_lib_shutdown_return                 0x00000343   Thumb Code     0  libshutdown2.o(.ARM.Collect$$libshutdown$$0000000F)
    __rt_lib_shutdown_signal_1               0x00000343   Thumb Code     0  libshutdown2.o(.ARM.Collect$$libshutdown$$00000009)
    __rt_lib_shutdown_stdio_1                0x00000343   Thumb Code     0  libshutdown2.o(.ARM.Collect$$libshutdown$$00000003)
    __rt_lib_shutdown_user_alloc_1           0x00000343   Thumb Code     0  libshutdown2.o(.ARM.Collect$$libshutdown$$0000000B)
    __rt_entry                               0x00000345   Thumb Code     0  rtentry.o(.ARM.Collect$$rtentry$$00000000)
    __rt_entry_presh_1                       0x00000345   Thumb Code     0  rtentry2.o(.ARM.Collect$$rtentry$$00000002)
    __rt_entry_sh                            0x00000345   Thumb Code     0  rtentry4.o(.ARM.Collect$$rtentry$$00000004)
    __rt_entry_li                            0x0000034b   Thumb Code     0  rtentry2.o(.ARM.Collect$$rtentry$$0000000A)
    __rt_entry_postsh_1                      0x0000034b   Thumb Code     0  rtentry2.o(.ARM.Collect$$rtentry$$00000009)
    __rt_entry_main                          0x0000034f   Thumb Code     0  rtentry2.o(.ARM.Collect$$rtentry$$0000000D)
    __rt_entry_postli_1                      0x0000034f   Thumb Code     0  rtentry2.o(.ARM.Collect$$rtentry$$0000000C)
    __rt_exit                                0x00000357   Thumb Code     0  rtexit.o(.ARM.Collect$$rtexit$$00000000)
    __rt_exit_ls                             0x00000359   Thumb Code     0  rtexit2.o(.ARM.Collect$$rtexit$$00000003)
    __rt_exit_prels_1                        0x00000359   Thumb Code     0  rtexit2.o(.ARM.Collect$$rtexit$$00000002)
    __rt_exit_exit                           0x0000035d   Thumb Code     0  rtexit2.o(.ARM.Collect$$rtexit$$00000004)
    rand                                     0x00000365   Thumb Code    48  rand.o(.emb_text)
    DisableInterrupts                        0x00000399   Thumb Code     0  startup.o(.text)
    EnableInterrupts                         0x0000039d   Thumb Code     0  startup.o(.text)
    StartCritical                            0x000003a1   Thumb Code     0  startup.o(.text)
    EndCritical                              0x000003a9   Thumb Code     0  startup.o(.text)
    WaitForInterrupt                         0x000003af   Thumb Code     0  startup.o(.text)
    __user_initial_stackheap                 0x000003b3   Thumb Code     0  startup.o(.text)
    srand                                    0x000003c9   Thumb Code    42  rand.o(.text)
    _rand_init                               0x000003f3   Thumb Code     4  rand.o(.text)
    __use_two_region_memory                  0x00000405   Thumb Code     2  heapauxi.o(.text)
    __rt_heap_escrow$2region                 0x00000407   Thumb Code     2  heapauxi.o(.text)
    __rt_heap_expand$2region                 0x00000409   Thumb Code     2  heapauxi.o(.text)
    __user_setup_stackheap                   0x0000040b   Thumb Code    74  sys_stackheap_outer.o(.text)
    exit                                     0x00000455   Thumb Code    12  exit.o(.text)
    __user_libspace                          0x00000461   Thumb Code     8  libspace.o(.text)
    __user_perproc_libspace                  0x00000461   Thumb Code     0  libspace.o(.text)
    __user_perthread_libspace                0x00000461   Thumb Code     0  libspace.o(.text)
    __I$use$semihosting                      0x00000469   Thumb Code     0  use_no_semi.o(.text)
    __use_no_semihosting_swi                 0x00000469   Thumb Code     2  use_no_semi.o(.text)
    __semihosting_library_function           0x0000046b   Thumb Code     0  indicate_semi.o(.text)
    _sys_exit                                0x0000046d   Thumb Code     8  sys_exit.o(.text)
    Board_Init                               0x00000479   Thumb Code   128  switch.o(i.Board_Init)
    DAC_Init                                 0x0000050d   Thumb Code    74  dac.o(i.DAC_Init)
    DAC_Out                                  0x00000571   Thumb Code   108  dac.o(i.DAC_Out)
    Delay1ms                                 0x000005e1   Thumb Code    32  st7735.o(i.Delay1ms)
    GPIOPortE_Handler                        0x00000601   Thumb Code    50  switch.o(i.GPIOPortE_Handler)
    GPIOPortF_Handler                        0x0000063d   Thumb Code   120  switch.o(i.GPIOPortF_Handler)
    HeartBeat_Init                           0x000006cd   Thumb Code    88  lab5.o(i.HeartBeat_Init)
    Music_Play                               0x00000735   Thumb Code   268  music.o(i.Music_Play)
    PolledButtons_Init                       0x00000861   Thumb Code   190  switch.o(i.PolledButtons_Init)
    ST7735_Color565                          0x00000939   Thumb Code    24  st7735.o(i.ST7735_Color565)
    ST7735_DrawCharS                         0x00000951   Thumb Code   232  st7735.o(i.ST7735_DrawCharS)
    ST7735_DrawFastVLine                     0x00000a45   Thumb Code   116  st7735.o(i.ST7735_DrawFastVLine)
    ST7735_DrawPixel                         0x00000ac1   Thumb Code    68  st7735.o(i.ST7735_DrawPixel)
    ST7735_DrawString                        0x00000b0d   Thumb Code    84  st7735.o(i.ST7735_DrawString)
    ST7735_FillRect                          0x00000b61   Thumb Code   164  st7735.o(i.ST7735_FillRect)
    ST7735_FillScreen                        0x00000c0d   Thumb Code    28  st7735.o(i.ST7735_FillScreen)
    ST7735_InitR                             0x00000c31   Thumb Code    90  st7735.o(i.ST7735_InitR)
    ST7735_OutChar                           0x00000cad   Thumb Code   176  st7735.o(i.ST7735_OutChar)
    ST7735_OutString                         0x00000d81   Thumb Code    22  st7735.o(i.ST7735_OutString)
    ST7735_PlotClear                         0x00000d99   Thumb Code    74  st7735.o(i.ST7735_PlotClear)
    ST7735_SetCursor                         0x00000df5   Thumb Code    22  st7735.o(i.ST7735_SetCursor)
    Switch_Init2                             0x00000e15   Thumb Code   208  switch.o(i.Switch_Init2)
    SysTick_Handler                          0x00000f19   Thumb Code     8  systick.o(i.SysTick_Handler)
    SysTick_Init                             0x00000f25   Thumb Code    46  systick.o(i.SysTick_Init)
    Timer0A_Handler                          0x00000f5d   Thumb Code    40  timer0a.o(i.Timer0A_Handler)
    Timer0A_Init                             0x00000f91   Thumb Code    94  timer0a.o(i.Timer0A_Init)
    Timer1A_Handler                          0x00001005   Thumb Code    40  timer1a.o(i.Timer1A_Handler)
    Timer1A_Init                             0x00001039   Thumb Code    94  timer1a.o(i.Timer1A_Init)
    main                                     0x00001289   Thumb Code   194  lab5.o(i.main)
    plotImage                                0x00001369   Thumb Code  1946  lab5.o(i.plotImage)
    resetSwitches                            0x00001b61   Thumb Code    20  switch.o(i.resetSwitches)
    Flute                                    0x00001c48   Data          64  music.o(.constdata)
    Horn                                     0x00001c88   Data          64  music.o(.constdata)
    Trumpet                                  0x00001cc8   Data          64  music.o(.constdata)
    Wave                                     0x00001d08   Data         128  music.o(.constdata)
    dt                                       0x00001d88   Data          64  music.o(.constdata)
    dBfs                                     0x000023aa   Data         512  st7735.o(.constdata)
    Region$$Table$$Base                      0x000025ac   Number         0  anon$$obj.o(Region$$Table)
    Region$$Table$$Limit                     0x000025cc   Number         0  anon$$obj.o(Region$$Table)
    flut                                     0x20000000   Data           4  lab5.o(.data)
    trump                                    0x20000004   Data           4  lab5.o(.data)
    ycoord                                   0x20000008   Data           4  lab5.o(.data)
    height                                   0x2000000c   Data           4  lab5.o(.data)
    flagg                                    0x20000010   Data           4  lab5.o(.data)
    hor                                      0x20000014   Data           4  lab5.o(.data)
    r                                        0x20000018   Data           4  lab5.o(.data)
    bar                                      0x2000001c   Data           4  lab5.o(.data)
    hbar1                                    0x20000020   Data           4  lab5.o(.data)
    hbar2                                    0x20000024   Data           4  lab5.o(.data)
    hbar3                                    0x20000028   Data           4  lab5.o(.data)
    hbar4                                    0x2000002c   Data           4  lab5.o(.data)
    hbar5                                    0x20000030   Data           4  lab5.o(.data)
    hbar6                                    0x20000034   Data           4  lab5.o(.data)
    hbar7                                    0x20000038   Data           4  lab5.o(.data)
    hbar8                                    0x2000003c   Data           4  lab5.o(.data)
    hbar9                                    0x20000040   Data           4  lab5.o(.data)
    hbar10                                   0x20000044   Data           4  lab5.o(.data)
    hbar11                                   0x20000048   Data           4  lab5.o(.data)
    hbar12                                   0x2000004c   Data           4  lab5.o(.data)
    hbar13                                   0x20000050   Data           4  lab5.o(.data)
    hbar14                                   0x20000054   Data           4  lab5.o(.data)
    hbar15                                   0x20000058   Data           4  lab5.o(.data)
    hbar16                                   0x2000005c   Data           4  lab5.o(.data)
    demo                                     0x20000060   Data         192  music.o(.data)
    demo1                                    0x20000120   Data         192  music.o(.data)
    strobe                                   0x200001e0   Data         192  music.o(.data)
    fur_elise                                0x200002a0   Data         192  music.o(.data)
    strobePtr                                0x20000360   Data           4  music.o(.data)
    furElisePtr                              0x20000364   Data           4  music.o(.data)
    demoPtr                                  0x20000368   Data           4  music.o(.data)
    demo1Ptr                                 0x2000036c   Data           4  music.o(.data)
    i                                        0x20000370   Data           4  music.o(.data)
    j                                        0x20000374   Data           4  music.o(.data)
    StX                                      0x20000378   Data           4  st7735.o(.data)
    StY                                      0x2000037c   Data           4  st7735.o(.data)
    StTextColor                              0x20000380   Data           2  st7735.o(.data)
    lastj                                    0x20000388   Data           4  st7735.o(.data)
    Messageindex                             0x20000390   Data           4  st7735.o(.data)
    Ymax                                     0x20000394   Data           4  st7735.o(.data)
    Ymin                                     0x20000398   Data           4  st7735.o(.data)
    X                                        0x2000039c   Data           4  st7735.o(.data)
    Yrange                                   0x200003a0   Data           4  st7735.o(.data)
    play                                     0x200003a4   Data           4  switch.o(.data)
    rewind                                   0x200003a8   Data           4  switch.o(.data)
    mode                                     0x200003ac   Data           4  switch.o(.data)
    pause                                    0x200003b0   Data           4  switch.o(.data)
    bNote                                    0x200003b4   Data           4  switch.o(.data)
    fNote                                    0x200003b8   Data           4  switch.o(.data)
    aNote                                    0x200003bc   Data           4  switch.o(.data)
    count                                    0x200003c0   Data           4  timer0a.o(.data)
    PeriodicTask                             0x200003c4   Data           4  timer0a.o(.data)
    lenPush                                  0x200003c8   Data           4  timer0a.o(.data)
    Time                                     0x200003cc   Data           2  timer0a.o(.data)
    notePush                                 0x200003d0   Data           4  systick.o(.data)
    count1                                   0x200003d4   Data           4  timer1a.o(.data)
    lenPush1                                 0x200003d8   Data           4  timer1a.o(.data)
    _random_number_data                      0x200003dc   Data         228  rand.o(.bss)
    __libspace_start                         0x200004c0   Data          96  libspace.o(.bss)
    __temporary_stack_top$libspace           0x20000520   Data           0  libspace.o(.bss)



==============================================================================

Memory Map of the image

  Image Entry point : 0x0000026d

  Load Region LR_1 (Base: 0x00000000, Size: 0x000029a8, Max: 0xffffffff, ABSOLUTE, COMPRESSED[0x00002630])

    Execution Region ER_RO (Base: 0x00000000, Size: 0x000025cc, Max: 0xffffffff, ABSOLUTE)

    Base Addr    Size         Type   Attr      Idx    E Section Name        Object

    0x00000000   0x00000284   Code   RO            3  * RESET               startup.o
    0x00000284   0x00000008   Code   RO          541  * !!!main             c_w.l(__main.o)
    0x0000028c   0x00000034   Code   RO          697    !!!scatter          c_w.l(__scatter.o)
    0x000002c0   0x0000005a   Code   RO          695    !!dczerorl2         c_w.l(__dczerorl2.o)
    0x0000031a   0x00000002   PAD
    0x0000031c   0x0000001c   Code   RO          699    !!handler_zi        c_w.l(__scatter_zi.o)
    0x00000338   0x00000002   Code   RO          619    .ARM.Collect$$libinit$$00000000  c_w.l(libinit.o)
    0x0000033a   0x00000000   Code   RO          545    .ARM.Collect$$libinit$$00000002  c_w.l(libinit2.o)
    0x0000033a   0x00000000   Code   RO          548    .ARM.Collect$$libinit$$00000008  c_w.l(libinit2.o)
    0x0000033a   0x00000000   Code   RO          550    .ARM.Collect$$libinit$$0000000A  c_w.l(libinit2.o)
    0x0000033a   0x00000004   Code   RO          551    .ARM.Collect$$libinit$$0000000B  c_w.l(libinit2.o)
    0x0000033e   0x00000000   Code   RO          552    .ARM.Collect$$libinit$$0000000C  c_w.l(libinit2.o)
    0x0000033e   0x00000000   Code   RO          555    .ARM.Collect$$libinit$$0000000F  c_w.l(libinit2.o)
    0x0000033e   0x00000000   Code   RO          557    .ARM.Collect$$libinit$$00000011  c_w.l(libinit2.o)
    0x0000033e   0x00000000   Code   RO          559    .ARM.Collect$$libinit$$00000013  c_w.l(libinit2.o)
    0x0000033e   0x00000000   Code   RO          561    .ARM.Collect$$libinit$$00000015  c_w.l(libinit2.o)
    0x0000033e   0x00000000   Code   RO          563    .ARM.Collect$$libinit$$00000017  c_w.l(libinit2.o)
    0x0000033e   0x00000000   Code   RO          565    .ARM.Collect$$libinit$$00000019  c_w.l(libinit2.o)
    0x0000033e   0x00000000   Code   RO          567    .ARM.Collect$$libinit$$0000001B  c_w.l(libinit2.o)
    0x0000033e   0x00000000   Code   RO          569    .ARM.Collect$$libinit$$0000001D  c_w.l(libinit2.o)
    0x0000033e   0x00000000   Code   RO          571    .ARM.Collect$$libinit$$0000001F  c_w.l(libinit2.o)
    0x0000033e   0x00000000   Code   RO          573    .ARM.Collect$$libinit$$00000021  c_w.l(libinit2.o)
    0x0000033e   0x00000000   Code   RO          575    .ARM.Collect$$libinit$$00000023  c_w.l(libinit2.o)
    0x0000033e   0x00000000   Code   RO          579    .ARM.Collect$$libinit$$0000002A  c_w.l(libinit2.o)
    0x0000033e   0x00000000   Code   RO          581    .ARM.Collect$$libinit$$0000002C  c_w.l(libinit2.o)
    0x0000033e   0x00000000   Code   RO          583    .ARM.Collect$$libinit$$0000002E  c_w.l(libinit2.o)
    0x0000033e   0x00000000   Code   RO          585    .ARM.Collect$$libinit$$00000030  c_w.l(libinit2.o)
    0x0000033e   0x00000002   Code   RO          586    .ARM.Collect$$libinit$$00000031  c_w.l(libinit2.o)
    0x00000340   0x00000002   Code   RO          657    .ARM.Collect$$libshutdown$$00000000  c_w.l(libshutdown.o)
    0x00000342   0x00000000   Code   RO          664    .ARM.Collect$$libshutdown$$00000003  c_w.l(libshutdown2.o)
    0x00000342   0x00000000   Code   RO          667    .ARM.Collect$$libshutdown$$00000006  c_w.l(libshutdown2.o)
    0x00000342   0x00000000   Code   RO          670    .ARM.Collect$$libshutdown$$00000009  c_w.l(libshutdown2.o)
    0x00000342   0x00000000   Code   RO          672    .ARM.Collect$$libshutdown$$0000000B  c_w.l(libshutdown2.o)
    0x00000342   0x00000000   Code   RO          675    .ARM.Collect$$libshutdown$$0000000E  c_w.l(libshutdown2.o)
    0x00000342   0x00000002   Code   RO          676    .ARM.Collect$$libshutdown$$0000000F  c_w.l(libshutdown2.o)
    0x00000344   0x00000000   Code   RO          543    .ARM.Collect$$rtentry$$00000000  c_w.l(rtentry.o)
    0x00000344   0x00000000   Code   RO          588    .ARM.Collect$$rtentry$$00000002  c_w.l(rtentry2.o)
    0x00000344   0x00000006   Code   RO          600    .ARM.Collect$$rtentry$$00000004  c_w.l(rtentry4.o)
    0x0000034a   0x00000000   Code   RO          590    .ARM.Collect$$rtentry$$00000009  c_w.l(rtentry2.o)
    0x0000034a   0x00000004   Code   RO          591    .ARM.Collect$$rtentry$$0000000A  c_w.l(rtentry2.o)
    0x0000034e   0x00000000   Code   RO          593    .ARM.Collect$$rtentry$$0000000C  c_w.l(rtentry2.o)
    0x0000034e   0x00000008   Code   RO          594    .ARM.Collect$$rtentry$$0000000D  c_w.l(rtentry2.o)
    0x00000356   0x00000002   Code   RO          625    .ARM.Collect$$rtexit$$00000000  c_w.l(rtexit.o)
    0x00000358   0x00000000   Code   RO          637    .ARM.Collect$$rtexit$$00000002  c_w.l(rtexit2.o)
    0x00000358   0x00000004   Code   RO          638    .ARM.Collect$$rtexit$$00000003  c_w.l(rtexit2.o)
    0x0000035c   0x00000006   Code   RO          639    .ARM.Collect$$rtexit$$00000004  c_w.l(rtexit2.o)
    0x00000362   0x00000002   PAD
    0x00000364   0x00000034   Code   RO          534    .emb_text           c_w.l(rand.o)
    0x00000398   0x00000030   Code   RO            4    .text               startup.o
    0x000003c8   0x0000003c   Code   RO          535    .text               c_w.l(rand.o)
    0x00000404   0x00000006   Code   RO          539    .text               c_w.l(heapauxi.o)
    0x0000040a   0x0000004a   Code   RO          606    .text               c_w.l(sys_stackheap_outer.o)
    0x00000454   0x0000000c   Code   RO          608    .text               c_w.l(exit.o)
    0x00000460   0x00000008   Code   RO          622    .text               c_w.l(libspace.o)
    0x00000468   0x00000002   Code   RO          633    .text               c_w.l(use_no_semi.o)
    0x0000046a   0x00000000   Code   RO          635    .text               c_w.l(indicate_semi.o)
    0x0000046a   0x00000002   PAD
    0x0000046c   0x0000000c   Code   RO          649    .text               c_w.l(sys_exit.o)
    0x00000478   0x00000094   Code   RO          419    i.Board_Init        switch.o
    0x0000050c   0x00000064   Code   RO           12    i.DAC_Init          dac.o
    0x00000570   0x00000070   Code   RO           14    i.DAC_Out           dac.o
    0x000005e0   0x00000020   Code   RO          133    i.Delay1ms          st7735.o
    0x00000600   0x0000003c   Code   RO          420    i.GPIOPortE_Handler  switch.o
    0x0000063c   0x00000090   Code   RO          421    i.GPIOPortF_Handler  switch.o
    0x000006cc   0x00000068   Code   RO           58    i.HeartBeat_Init    lab5.o
    0x00000734   0x0000012c   Code   RO           98    i.Music_Play        music.o
    0x00000860   0x000000d8   Code   RO          422    i.PolledButtons_Init  switch.o
    0x00000938   0x00000018   Code   RO          139    i.ST7735_Color565   st7735.o
    0x00000950   0x000000f4   Code   RO          142    i.ST7735_DrawCharS  st7735.o
    0x00000a44   0x0000007c   Code   RO          144    i.ST7735_DrawFastVLine  st7735.o
    0x00000ac0   0x0000004c   Code   RO          145    i.ST7735_DrawPixel  st7735.o
    0x00000b0c   0x00000054   Code   RO          146    i.ST7735_DrawString  st7735.o
    0x00000b60   0x000000ac   Code   RO          147    i.ST7735_FillRect   st7735.o
    0x00000c0c   0x00000024   Code   RO          148    i.ST7735_FillScreen  st7735.o
    0x00000c30   0x0000007c   Code   RO          150    i.ST7735_InitR      st7735.o
    0x00000cac   0x000000d4   Code   RO          153    i.ST7735_OutChar    st7735.o
    0x00000d80   0x00000016   Code   RO          154    i.ST7735_OutString  st7735.o
    0x00000d96   0x00000002   PAD
    0x00000d98   0x0000005c   Code   RO          157    i.ST7735_PlotClear  st7735.o
    0x00000df4   0x00000020   Code   RO          164    i.ST7735_SetCursor  st7735.o
    0x00000e14   0x00000104   Code   RO          423    i.Switch_Init2      switch.o
    0x00000f18   0x0000000c   Code   RO          489    i.SysTick_Handler   systick.o
    0x00000f24   0x00000038   Code   RO          490    i.SysTick_Init      systick.o
    0x00000f5c   0x00000034   Code   RO          464    i.Timer0A_Handler   timer0a.o
    0x00000f90   0x00000074   Code   RO          465    i.Timer0A_Init      timer0a.o
    0x00001004   0x00000034   Code   RO          510    i.Timer1A_Handler   timer1a.o
    0x00001038   0x00000074   Code   RO          511    i.Timer1A_Init      timer1a.o
    0x000010ac   0x00000056   Code   RO          168    i.commandList       st7735.o
    0x00001102   0x00000002   PAD
    0x00001104   0x00000184   Code   RO          169    i.commonInit        st7735.o
    0x00001288   0x000000e0   Code   RO           59    i.main              lab5.o
    0x00001368   0x000007e4   Code   RO           60    i.plotImage         lab5.o
    0x00001b4c   0x00000012   Code   RO          174    i.pushColor         st7735.o
    0x00001b5e   0x00000002   PAD
    0x00001b60   0x00000024   Code   RO          424    i.resetSwitches     switch.o
    0x00001b84   0x00000074   Code   RO          175    i.setAddrWindow     st7735.o
    0x00001bf8   0x00000030   Code   RO          176    i.writecommand      st7735.o
    0x00001c28   0x00000020   Code   RO          177    i.writedata         st7735.o
    0x00001c48   0x00000180   Data   RO           99    .constdata          music.o
    0x00001dc8   0x000007e2   Data   RO          179    .constdata          st7735.o
    0x000025aa   0x00000002   PAD
    0x000025ac   0x00000020   Data   RO          693    Region$$Table       anon$$obj.o


    Execution Region ER_RW (Base: 0x20000000, Size: 0x000003dc, Max: 0xffffffff, ABSOLUTE, COMPRESSED[0x00000064])

    Base Addr    Size         Type   Attr      Idx    E Section Name        Object

    0x20000000   0x00000060   Data   RW           61    .data               lab5.o
    0x20000060   0x00000318   Data   RW          100    .data               music.o
    0x20000378   0x0000002c   Data   RW          180    .data               st7735.o
    0x200003a4   0x0000001c   Data   RW          425    .data               switch.o
    0x200003c0   0x0000000e   Data   RW          466    .data               timer0a.o
    0x200003ce   0x00000002   PAD
    0x200003d0   0x00000004   Data   RW          491    .data               systick.o
    0x200003d4   0x00000008   Data   RW          512    .data               timer1a.o


    Execution Region ER_ZI (Base: 0x200003dc, Size: 0x00000544, Max: 0xffffffff, ABSOLUTE)

    Base Addr    Size         Type   Attr      Idx    E Section Name        Object

    0x200003dc   0x000000e4   Zero   RW          536    .bss                c_w.l(rand.o)
    0x200004c0   0x00000060   Zero   RW          623    .bss                c_w.l(libspace.o)
    0x20000520   0x00000000   Zero   RW            2    HEAP                startup.o
    0x20000520   0x00000400   Zero   RW            1    STACK               startup.o


==============================================================================

Image component sizes


      Code (inc. data)   RO Data    RW Data    ZI Data      Debug   Object Name

       212         30          0          0          0       5093   dac.o
      2348        264          0         96          0       3426   lab5.o
       300         32        384        792          0       2804   music.o
      1962        216       2018         44          0      13150   st7735.o
       692        632          0          0       1024        884   startup.o
       864        148          0         28          0       3376   switch.o
        68         14          0          4          0        932   systick.o
       168         34          0         14          0       1711   timer0a.o
       168         34          0          8          0       1047   timer1a.o

    ----------------------------------------------------------------------
      6788       1404       2436        988       1024      32423   Object Totals
         0          0         32          0          0          0   (incl. Generated)
         6          0          2          2          0          0   (incl. Padding)

    ----------------------------------------------------------------------

      Code (inc. data)   RO Data    RW Data    ZI Data      Debug   Library Member Name

        90          0          0          0          0          0   __dczerorl2.o
         8          0          0          0          0         68   __main.o
        52          8          0          0          0          0   __scatter.o
        28          0          0          0          0          0   __scatter_zi.o
        12          0          0          0          0         72   exit.o
         6          0          0          0          0        152   heapauxi.o
         0          0          0          0          0          0   indicate_semi.o
         2          0          0          0          0          0   libinit.o
         6          0          0          0          0          0   libinit2.o
         2          0          0          0          0          0   libshutdown.o
         2          0          0          0          0          0   libshutdown2.o
         8          4          0          0         96         68   libspace.o
       112         18          0          0        228        160   rand.o
         0          0          0          0          0          0   rtentry.o
        12          0          0          0          0          0   rtentry2.o
         6          0          0          0          0          0   rtentry4.o
         2          0          0          0          0          0   rtexit.o
        10          0          0          0          0          0   rtexit2.o
        12          4          0          0          0         68   sys_exit.o
        74          0          0          0          0         80   sys_stackheap_outer.o
         2          0          0          0          0         68   use_no_semi.o

    ----------------------------------------------------------------------
       452         34          0          0        324        736   Library Totals
         6          0          0          0          0          0   (incl. Padding)

    ----------------------------------------------------------------------

      Code (inc. data)   RO Data    RW Data    ZI Data      Debug   Library Name

       446         34          0          0        324        736   c_w.l

    ----------------------------------------------------------------------
       452         34          0          0        324        736   Library Totals

    ----------------------------------------------------------------------

==============================================================================


      Code (inc. data)   RO Data    RW Data    ZI Data      Debug   

      7240       1438       2436        988       1348      30975   Grand Totals
      7240       1438       2436        100       1348      30975   ELF Image Totals (compressed)
      7240       1438       2436        100          0          0   ROM Totals

==============================================================================

    Total RO  Size (Code + RO Data)                 9676 (   9.45kB)
    Total RW  Size (RW Data + ZI Data)              2336 (   2.28kB)
    Total ROM Size (Code + RO Data + RW Data)       9776 (   9.55kB)

==============================================================================

