<html>
<body>
<pre>
<h1>µVision Build Log</h1>
<h2>Project:</h2>
C:\Users\Nick\Desktop\Valvano445L\Lab5\TwoButtonPoll.uvproj
Project File Date:  10/05/2014

<h2>Output:</h2>
Rebuild target 'TwoButtonPoll'
assembling startup.s...
compiling DAC.c...
compiling Lab5.c...
compiling Music.c...
compiling PLL.c...
compiling ST7735.c...
compiling Switch.c...
compiling Timer0A.c...
compiling SysTick.c...
linking...
Program Size: Code=2628 RO-data=352 RW-data=264 ZI-data=1120  
".\TwoButtonPoll.axf" - 0 Error(s), 0 Warning(s).
Load "C:\\Users\\Nick\\Desktop\\Valvano445L\\Lab5\\TwoButtonPoll.axf" 
Connecting: Mode=JTAG, Speed=1000000Hz
Erase Done.
Programming Done.
Verify OK.
</pre>
</body>
</html>
rget DLL has been cancelled
