<html>
<body>
<pre>
<h1>µVision Build Log</h1>
<h2>Project:</h2>
C:\Keil\ARM\Examples\LaunchPadware\Lab8\TwoButtonPoll.uvproj
Project File Date:  11/03/2014

<h2>Output:</h2>
Rebuild target 'TwoButtonPoll'
assembling startup.s...
compiling DAC.c...
compiling Lab5.c...
compiling Music.c...
Music.c(21): warning:  #550-D: variable "testInstr" was set but never used
                const unsigned short *testInstr;
Music.c: 1 warning, 0 errors
compiling PLL.c...
compiling ST7735.c...
compiling Switch.c...
compiling Timer0A.c...
compiling SysTick.c...
compiling Timer1A.c...
linking...
Program Size: Code=3084 RO-data=416 RW-data=848 ZI-data=1120  
".\TwoButtonPoll.axf" - 0 Error(s), 1 Warning(s).
Load "C:\\Keil\\ARM\\Examples\\LaunchPadware\\Lab8\\TwoButtonPoll.axf" 
Connecting: Mode=JTAG, Speed=1000000Hz
Connection failed!, error code=&d
Error: Flash Download failed  -  Target DLL has been cancelled
Load "C:\\Keil\\ARM\\Examples\\LaunchPadware\\Lab8\\TwoButtonPoll.axf" 
Connecting: Mode=JTAG, Speed=1000000Hz
Connection failed!, error code=&d
Error: Flash Download failed  -  Target DLL has been cancelled
</pre>
</body>
</html>
