<html>
<body>
<pre>
<h1>µVision Build Log</h1>
<h2>Project:</h2>
C:\Keil\ARM\Examples\LaunchPadware\Lab11REMASTERED\TwoButtonPoll.uvproj
Project File Date:  12/03/2014

<h2>Output:</h2>
Rebuild target 'TwoButtonPoll'
assembling startup.s...
compiling DAC.c...
DAC.c(101): warning:  #1-D: last line of file ends without a newline
  } 
DAC.c: 1 warning, 0 errors
compiling Lab5.c...
compiling Music.c...
Music.c(26): warning:  #223-D: function "plotImage" declared implicitly
                        plotImage();
Music.c(31): warning:  #223-D: function "plotImage" declared implicitly
                        plotImage();
Music.c(38): warning:  #223-D: function "plotImage" declared implicitly
                        plotImage();
Music.c(45): warning:  #223-D: function "plotImage" declared implicitly
                        plotImage();
Music.c(52): warning:  #223-D: function "plotImage" declared implicitly
                        plotImage();
Music.c(21): warning:  #550-D: variable "testInstr" was set but never used
                const unsigned short *testInstr;
Music.c: 6 warnings, 0 errors
compiling PLL.c...
compiling ST7735.c...
compiling Switch.c...
compiling Timer0A.c...
compiling SysTick.c...
compiling Timer1A.c...
compiling plotImage.c...
plotImage.c(302): warning:  #1-D: last line of file ends without a newline
  }
plotImage.c: 1 warning, 0 errors
linking...
Program Size: Code=7152 RO-data=2436 RW-data=1332 ZI-data=1348  
".\TwoButtonPoll.axf" - 0 Error(s), 8 Warning(s).
Load "C:\\Keil\\ARM\\Examples\\LaunchPadware\\Lab11REMASTERED\\TwoButtonPoll.axf" 
Connecting: Mode=JTAG, Speed=1000000Hz
Erase Done.
Programming Done.
Verify OK.
</pre>
</body>
</html>
are\\Lab11REMASTERED\\TwoButtonPoll.axf" 
Connecting: Mode=JTAG, Speed=1000000Hz
Erase Done.
Programming Done.
Verify OK.
