<html>
<body>
<pre>
<h1>µVision Build Log</h1>
<h2>Project:</h2>
C:\Users\Nick\Desktop\VALVANOWARE\Lab8_Code\TwoButtonPoll.uvproj
Project File Date:  11/03/2014

<h2>Output:</h2>
Rebuild target 'TwoButtonPoll'
assembling startup.s...
compiling DAC.c...
DAC.c(103): warning:  #1-D: last line of file ends without a newline
  } 
DAC.c: 1 warning, 0 errors
compiling Lab5.c...
compiling Music.c...
Music.c(21): warning:  #550-D: variable "testInstr" was set but never used
                const unsigned short *testInstr;
Music.c: 1 warning, 0 errors
compiling PLL.c...
compiling ST7735.c...
compiling Switch.c...
compiling Timer0A.c...
compiling SysTick.c...
compiling Timer1A.c...
linking...
Program Size: Code=7240 RO-data=2436 RW-data=988 ZI-data=1348  
".\TwoButtonPoll.axf" - 0 Error(s), 2 Warning(s).
Load "C:\\Users\\Nick\\Desktop\\VALVANOWARE\\Lab8_Code\\TwoButtonPoll.axf" 
Connecting: Mode=JTAG, Speed=1000000Hz
Connection failed!, error code=&d
Error: Flash Download failed  -  Target DLL has been cancelled
Load "C:\\Users\\Nick\\Desktop\\VALVANOWARE\\Lab8_Code\\TwoButtonPoll.axf" 
Connecting: Mode=JTAG, Speed=1000000Hz
Erase Done.
Programming Done.
Verify OK.
</pre>
</body>
</html>
op\\VALVANOWARE\\Lab8_Code\\TwoButtonPoll.axf" 
Connecting: Mode=JTAG, Speed=1000000Hz
Erase Done.
Programming Done.
Verify OK.
ify OK.
